[2022-04-17T15:11:32.133+0000][0.133s] Heap region size: 1M
[2022-04-17T15:11:32.200+0000][0.200s] Using G1
[2022-04-17T15:11:32.201+0000][0.201s] Heap address: 0x00000000e0000000, size: 512 MB, Compressed Oops mode: 32-bit
[2022-04-17T15:11:32.202+0000][0.203s] Mark closed archive regions in map: [0x00000000fff00000, 0x00000000fff63ff8]
[2022-04-17T15:11:32.203+0000][0.203s] Mark open archive regions in map: [0x00000000ffe00000, 0x00000000ffe41ff8]
[2022-04-17T15:11:36.573+0000][4.573s] GC(0) Pause Young (Normal) (G1 Evacuation Pause)
[2022-04-17T15:11:36.585+0000][4.585s] GC(0) Using 2 workers of 2 for evacuation
[2022-04-17T15:11:36.713+0000][4.714s] GC(0)   Pre Evacuate Collection Set: 0.0ms
[2022-04-17T15:11:36.717+0000][4.718s] GC(0)   Evacuate Collection Set: 116.9ms
[2022-04-17T15:11:36.721+0000][4.721s] GC(0)   Post Evacuate Collection Set: 4.7ms
[2022-04-17T15:11:36.722+0000][4.722s] GC(0)   Other: 19.0ms
[2022-04-17T15:11:36.724+0000][4.725s] GC(0) Eden regions: 25->0(22)
[2022-04-17T15:11:36.727+0000][4.727s] GC(0) Survivor regions: 0->3(4)
[2022-04-17T15:11:36.732+0000][4.733s] GC(0) Old regions: 2->2
[2022-04-17T15:11:36.734+0000][4.734s] GC(0) Humongous regions: 0->0
[2022-04-17T15:11:36.735+0000][4.735s] GC(0) Metaspace: 6706K->6706K(1056768K)
[2022-04-17T15:11:36.736+0000][4.736s] GC(0) Pause Young (Normal) (G1 Evacuation Pause) 25M->3M(512M) 163.449ms
[2022-04-17T15:11:36.737+0000][4.737s] GC(0) User=0.07s Sys=0.00s Real=0.16s
[2022-04-17T15:11:40.946+0000][8.946s] GC(1) Pause Young (Normal) (G1 Evacuation Pause)
[2022-04-17T15:11:40.948+0000][8.949s] GC(1) Using 2 workers of 2 for evacuation
[2022-04-17T15:11:41.077+0000][9.077s] GC(1)   Pre Evacuate Collection Set: 0.1ms
[2022-04-17T15:11:41.078+0000][9.078s] GC(1)   Evacuate Collection Set: 126.2ms
[2022-04-17T15:11:41.079+0000][9.079s] GC(1)   Post Evacuate Collection Set: 1.0ms
[2022-04-17T15:11:41.081+0000][9.081s] GC(1)   Other: 4.1ms
[2022-04-17T15:11:41.082+0000][9.082s] GC(1) Eden regions: 22->0(21)
[2022-04-17T15:11:41.085+0000][9.085s] GC(1) Survivor regions: 3->4(4)
[2022-04-17T15:11:41.086+0000][9.086s] GC(1) Old regions: 2->10
[2022-04-17T15:11:41.086+0000][9.086s] GC(1) Humongous regions: 4->4
[2022-04-17T15:11:41.087+0000][9.087s] GC(1) Metaspace: 12792K->12792K(1060864K)
[2022-04-17T15:11:41.089+0000][9.089s] GC(1) Pause Young (Normal) (G1 Evacuation Pause) 29M->15M(512M) 143.221ms
[2022-04-17T15:11:41.089+0000][9.090s] GC(1) User=0.08s Sys=0.00s Real=0.15s
[2022-04-17T15:11:45.332+0000][13.332s] GC(2) Pause Young (Normal) (G1 Evacuation Pause)
[2022-04-17T15:11:45.333+0000][13.333s] GC(2) Using 2 workers of 2 for evacuation
[2022-04-17T15:11:45.423+0000][13.424s] GC(2)   Pre Evacuate Collection Set: 0.1ms
[2022-04-17T15:11:45.426+0000][13.426s] GC(2)   Evacuate Collection Set: 79.2ms
[2022-04-17T15:11:45.428+0000][13.428s] GC(2)   Post Evacuate Collection Set: 9.8ms
[2022-04-17T15:11:45.429+0000][13.429s] GC(2)   Other: 2.5ms
[2022-04-17T15:11:45.430+0000][13.430s] GC(2) Eden regions: 21->0(21)
[2022-04-17T15:11:45.430+0000][13.431s] GC(2) Survivor regions: 4->4(4)
[2022-04-17T15:11:45.431+0000][13.431s] GC(2) Old regions: 10->15
[2022-04-17T15:11:45.432+0000][13.432s] GC(2) Humongous regions: 4->4
[2022-04-17T15:11:45.432+0000][13.433s] GC(2) Metaspace: 15234K->15234K(1062912K)
[2022-04-17T15:11:45.433+0000][13.433s] GC(2) Pause Young (Normal) (G1 Evacuation Pause) 36M->21M(512M) 101.295ms
[2022-04-17T15:11:45.434+0000][13.435s] GC(2) User=0.05s Sys=0.00s Real=0.10s
[2022-04-17T15:11:49.293+0000][17.293s] GC(3) Pause Young (Normal) (G1 Evacuation Pause)
[2022-04-17T15:11:49.301+0000][17.301s] GC(3) Using 2 workers of 2 for evacuation
[2022-04-17T15:11:49.657+0000][17.657s] GC(3) MMU target violated: 251.0ms (250.0ms/251.0ms)
[2022-04-17T15:11:49.693+0000][17.693s] GC(3)   Pre Evacuate Collection Set: 5.7ms
[2022-04-17T15:11:49.709+0000][17.710s] GC(3)   Evacuate Collection Set: 253.1ms
[2022-04-17T15:11:49.731+0000][17.731s] GC(3)   Post Evacuate Collection Set: 85.3ms
[2022-04-17T15:11:49.752+0000][17.752s] GC(3)   Other: 56.2ms
[2022-04-17T15:11:49.768+0000][17.768s] GC(3) Eden regions: 21->0(22)
[2022-04-17T15:11:49.801+0000][17.801s] GC(3) Survivor regions: 4->3(4)
[2022-04-17T15:11:49.804+0000][17.804s] GC(3) Old regions: 15->19
[2022-04-17T15:11:49.810+0000][17.810s] GC(3) Humongous regions: 4->4
[2022-04-17T15:11:49.813+0000][17.814s] GC(3) Metaspace: 18381K->18381K(1067008K)
[2022-04-17T15:11:49.820+0000][17.820s] GC(3) Pause Young (Normal) (G1 Evacuation Pause) 42M->24M(512M) 526.673ms
[2022-04-17T15:11:49.821+0000][17.821s] GC(3) User=0.25s Sys=0.03s Real=0.53s
[2022-04-17T15:11:50.849+0000][18.849s] GC(4) Pause Young (Concurrent Start) (Metadata GC Threshold)
[2022-04-17T15:11:50.855+0000][18.855s] GC(4) Using 2 workers of 2 for evacuation
[2022-04-17T15:11:50.903+0000][18.903s] GC(4)   Pre Evacuate Collection Set: 0.1ms
[2022-04-17T15:11:50.904+0000][18.905s] GC(4)   Evacuate Collection Set: 45.1ms
[2022-04-17T15:11:50.905+0000][18.906s] GC(4)   Post Evacuate Collection Set: 0.4ms
[2022-04-17T15:11:50.907+0000][18.907s] GC(4)   Other: 8.8ms
[2022-04-17T15:11:50.908+0000][18.908s] GC(4) Eden regions: 21->0(28)
[2022-04-17T15:11:50.909+0000][18.909s] GC(4) Survivor regions: 3->1(4)
[2022-04-17T15:11:50.910+0000][18.910s] GC(4) Old regions: 19->22
[2022-04-17T15:11:50.911+0000][18.911s] GC(4) Humongous regions: 4->4
[2022-04-17T15:11:50.912+0000][18.912s] GC(4) Metaspace: 20392K->20392K(1067008K)
[2022-04-17T15:11:50.915+0000][18.915s] GC(4) Pause Young (Concurrent Start) (Metadata GC Threshold) 45M->24M(512M) 65.921ms
[2022-04-17T15:11:50.915+0000][18.916s] GC(4) User=0.03s Sys=0.00s Real=0.06s
[2022-04-17T15:11:50.916+0000][18.917s] GC(5) Concurrent Cycle
[2022-04-17T15:11:50.918+0000][18.918s] GC(5) Concurrent Clear Claimed Marks
[2022-04-17T15:11:50.921+0000][18.921s] GC(5) Concurrent Clear Claimed Marks 2.925ms
[2022-04-17T15:11:50.922+0000][18.922s] GC(5) Concurrent Scan Root Regions
[2022-04-17T15:11:50.924+0000][18.924s] GC(5) Concurrent Scan Root Regions 2.403ms
[2022-04-17T15:11:50.927+0000][18.927s] GC(5) Concurrent Mark (18.927s)
[2022-04-17T15:11:50.928+0000][18.928s] GC(5) Concurrent Mark From Roots
[2022-04-17T15:11:50.930+0000][18.931s] GC(5) Using 1 workers of 1 for marking
[2022-04-17T15:11:51.167+0000][19.168s] GC(5) Concurrent Mark From Roots 239.388ms
[2022-04-17T15:11:51.176+0000][19.176s] GC(5) Concurrent Preclean
[2022-04-17T15:11:51.182+0000][19.183s] GC(5) Concurrent Preclean 6.743ms
[2022-04-17T15:11:51.183+0000][19.183s] GC(5) Concurrent Mark (18.927s, 19.183s) 256.136ms
[2022-04-17T15:11:51.185+0000][19.185s] GC(5) Pause Remark
[2022-04-17T15:11:51.210+0000][19.210s] GC(5) Cleaned string and symbol table, strings: 8978 processed, 25 removed, symbols: 61269 processed, 38 removed
[2022-04-17T15:11:51.211+0000][19.211s] GC(5) Pause Remark 27M->27M(512M) 25.362ms
[2022-04-17T15:11:51.212+0000][19.211s] GC(5) User=0.01s Sys=0.00s Real=0.03s
[2022-04-17T15:11:51.212+0000][19.212s] GC(5) Concurrent Rebuild Remembered Sets
[2022-04-17T15:11:51.370+0000][19.370s] GC(5) Concurrent Rebuild Remembered Sets 157.978ms
[2022-04-17T15:11:51.375+0000][19.375s] GC(5) Pause Cleanup
[2022-04-17T15:11:51.377+0000][19.376s] GC(5) Pause Cleanup 28M->28M(512M) 1.293ms
[2022-04-17T15:11:51.377+0000][19.377s] GC(5) User=0.00s Sys=0.00s Real=0.00s
[2022-04-17T15:11:51.378+0000][19.378s] GC(5) Concurrent Cleanup for Next Mark
[2022-04-17T15:11:51.380+0000][19.380s] GC(5) Concurrent Cleanup for Next Mark 2.150ms
[2022-04-17T15:11:51.382+0000][19.382s] GC(5) Concurrent Cycle 465.153ms
[2022-04-17T15:11:56.043+0000][24.043s] GC(6) Pause Young (Concurrent Start) (G1 Evacuation Pause)
[2022-04-17T15:11:56.053+0000][24.053s] GC(6) Using 2 workers of 2 for evacuation
[2022-04-17T15:11:56.083+0000][24.083s] GC(6)   Pre Evacuate Collection Set: 0.1ms
[2022-04-17T15:11:56.086+0000][24.086s] GC(6)   Evacuate Collection Set: 26.6ms
[2022-04-17T15:11:56.087+0000][24.087s] GC(6)   Post Evacuate Collection Set: 0.8ms
[2022-04-17T15:11:56.088+0000][24.088s] GC(6)   Other: 11.9ms
[2022-04-17T15:11:56.088+0000][24.088s] GC(6) Eden regions: 28->0(47)
[2022-04-17T15:11:56.089+0000][24.089s] GC(6) Survivor regions: 1->1(4)
[2022-04-17T15:11:56.090+0000][24.090s] GC(6) Old regions: 22->22
[2022-04-17T15:11:56.091+0000][24.090s] GC(6) Humongous regions: 4->4
[2022-04-17T15:11:56.091+0000][24.091s] GC(6) Metaspace: 23047K->23047K(1071104K)
[2022-04-17T15:11:56.092+0000][24.091s] GC(6) Pause Young (Concurrent Start) (G1 Evacuation Pause) 52M->24M(512M) 48.175ms
[2022-04-17T15:11:56.092+0000][24.092s] GC(6) User=0.03s Sys=0.00s Real=0.05s
[2022-04-17T15:11:56.093+0000][24.093s] GC(7) Concurrent Cycle
[2022-04-17T15:11:56.095+0000][24.095s] GC(7) Concurrent Clear Claimed Marks
[2022-04-17T15:11:56.096+0000][24.096s] GC(7) Concurrent Clear Claimed Marks 1.098ms
[2022-04-17T15:11:56.102+0000][24.102s] GC(7) Concurrent Scan Root Regions
[2022-04-17T15:11:56.106+0000][24.106s] GC(7) Concurrent Scan Root Regions 3.924ms
[2022-04-17T15:11:56.107+0000][24.107s] GC(7) Concurrent Mark (24.107s)
[2022-04-17T15:11:56.119+0000][24.119s] GC(7) Concurrent Mark From Roots
[2022-04-17T15:11:56.124+0000][24.124s] GC(7) Using 1 workers of 1 for marking
[2022-04-17T15:11:56.423+0000][24.423s] GC(7) Concurrent Mark From Roots 303.622ms
[2022-04-17T15:11:56.425+0000][24.425s] GC(7) Concurrent Preclean
[2022-04-17T15:11:56.435+0000][24.435s] GC(7) Concurrent Preclean 10.447ms
[2022-04-17T15:11:56.436+0000][24.436s] GC(7) Concurrent Mark (24.107s, 24.436s) 329.344ms
[2022-04-17T15:11:56.453+0000][24.453s] GC(7) Pause Remark
[2022-04-17T15:11:56.474+0000][24.474s] GC(7) Cleaned string and symbol table, strings: 9682 processed, 0 removed, symbols: 67322 processed, 23 removed
[2022-04-17T15:11:56.479+0000][24.479s] GC(7) Pause Remark 27M->27M(512M) 26.192ms
[2022-04-17T15:11:56.480+0000][24.480s] GC(7) User=0.02s Sys=0.00s Real=0.03s
[2022-04-17T15:11:56.482+0000][24.481s] GC(7) Concurrent Rebuild Remembered Sets
[2022-04-17T15:11:56.619+0000][24.619s] GC(7) Concurrent Rebuild Remembered Sets 137.368ms
[2022-04-17T15:11:56.624+0000][24.624s] GC(7) Pause Cleanup
[2022-04-17T15:11:56.626+0000][24.625s] GC(7) Pause Cleanup 29M->29M(512M) 1.265ms
[2022-04-17T15:11:56.626+0000][24.626s] GC(7) User=0.00s Sys=0.00s Real=0.00s
[2022-04-17T15:11:56.627+0000][24.627s] GC(7) Concurrent Cleanup for Next Mark
[2022-04-17T15:11:56.629+0000][24.629s] GC(7) Concurrent Cleanup for Next Mark 2.064ms
[2022-04-17T15:11:56.632+0000][24.632s] GC(7) Concurrent Cycle 539.211ms
[2022-04-17T15:12:01.275+0000][29.274s] GC(8) Pause Young (Normal) (G1 Evacuation Pause)
[2022-04-17T15:12:01.291+0000][29.290s] GC(8) Using 2 workers of 2 for evacuation
[2022-04-17T15:12:01.647+0000][29.646s] GC(8) MMU target violated: 251.0ms (250.0ms/251.0ms)
[2022-04-17T15:12:01.668+0000][29.667s] GC(8)   Pre Evacuate Collection Set: 0.1ms
[2022-04-17T15:12:01.699+0000][29.699s] GC(8)   Evacuate Collection Set: 276.3ms
[2022-04-17T15:12:01.731+0000][29.731s] GC(8)   Post Evacuate Collection Set: 63.6ms
[2022-04-17T15:12:01.747+0000][29.747s] GC(8)   Other: 53.1ms
[2022-04-17T15:12:01.764+0000][29.764s] GC(8) Eden regions: 47->0(24)
[2022-04-17T15:12:01.780+0000][29.780s] GC(8) Survivor regions: 1->4(6)
[2022-04-17T15:12:01.796+0000][29.796s] GC(8) Old regions: 22->22
[2022-04-17T15:12:01.812+0000][29.812s] GC(8) Humongous regions: 4->4
[2022-04-17T15:12:01.814+0000][29.814s] GC(8) Metaspace: 29926K->29926K(1077248K)
[2022-04-17T15:12:01.829+0000][29.828s] GC(8) Pause Young (Normal) (G1 Evacuation Pause) 71M->28M(512M) 553.971ms
[2022-04-17T15:12:01.831+0000][29.831s] GC(8) User=0.31s Sys=0.03s Real=0.56s
[2022-04-17T15:12:04.304+0000][32.304s] GC(9) Pause Young (Normal) (G1 Evacuation Pause)
[2022-04-17T15:12:04.305+0000][32.305s] GC(9) Using 2 workers of 2 for evacuation
[2022-04-17T15:12:04.418+0000][32.418s] GC(9)   Pre Evacuate Collection Set: 0.2ms
[2022-04-17T15:12:04.419+0000][32.419s] GC(9)   Evacuate Collection Set: 110.5ms
[2022-04-17T15:12:04.421+0000][32.421s] GC(9)   Post Evacuate Collection Set: 0.4ms
[2022-04-17T15:12:04.422+0000][32.422s] GC(9)   Other: 3.1ms
[2022-04-17T15:12:04.433+0000][32.433s] GC(9) Eden regions: 24->0(27)
[2022-04-17T15:12:04.434+0000][32.434s] GC(9) Survivor regions: 4->2(4)
[2022-04-17T15:12:04.439+0000][32.438s] GC(9) Old regions: 22->26
[2022-04-17T15:12:04.443+0000][32.442s] GC(9) Humongous regions: 4->4
[2022-04-17T15:12:04.458+0000][32.457s] GC(9) Metaspace: 31560K->31560K(1077248K)
[2022-04-17T15:12:04.459+0000][32.458s] GC(9) Pause Young (Normal) (G1 Evacuation Pause) 52M->29M(512M) 154.674ms
[2022-04-17T15:12:04.461+0000][32.461s] GC(9) User=0.07s Sys=0.01s Real=0.16s
[2022-04-17T15:12:05.674+0000][33.674s] GC(10) Pause Young (Normal) (G1 Evacuation Pause)
[2022-04-17T15:12:05.675+0000][33.675s] GC(10) Using 2 workers of 2 for evacuation
[2022-04-17T15:12:05.716+0000][33.716s] GC(10)   Pre Evacuate Collection Set: 0.2ms
[2022-04-17T15:12:05.723+0000][33.723s] GC(10)   Evacuate Collection Set: 37.7ms
[2022-04-17T15:12:05.724+0000][33.724s] GC(10)   Post Evacuate Collection Set: 2.4ms
[2022-04-17T15:12:05.725+0000][33.724s] GC(10)   Other: 2.1ms
[2022-04-17T15:12:05.725+0000][33.725s] GC(10) Eden regions: 27->0(35)
[2022-04-17T15:12:05.729+0000][33.729s] GC(10) Survivor regions: 2->2(4)
[2022-04-17T15:12:05.732+0000][33.732s] GC(10) Old regions: 26->26
[2022-04-17T15:12:05.733+0000][33.732s] GC(10) Humongous regions: 4->4
[2022-04-17T15:12:05.733+0000][33.733s] GC(10) Metaspace: 32587K->32587K(1079296K)
[2022-04-17T15:12:05.736+0000][33.736s] GC(10) Pause Young (Normal) (G1 Evacuation Pause) 56M->29M(512M) 61.869ms
[2022-04-17T15:12:05.746+0000][33.746s] GC(10) User=0.03s Sys=0.00s Real=0.07s
[2022-04-17T15:12:06.550+0000][34.550s] GC(11) Pause Young (Normal) (G1 Evacuation Pause)
[2022-04-17T15:12:06.556+0000][34.556s] GC(11) Using 2 workers of 2 for evacuation
[2022-04-17T15:12:06.594+0000][34.594s] GC(11)   Pre Evacuate Collection Set: 0.2ms
[2022-04-17T15:12:06.595+0000][34.595s] GC(11)   Evacuate Collection Set: 36.1ms
[2022-04-17T15:12:06.596+0000][34.595s] GC(11)   Post Evacuate Collection Set: 0.5ms
[2022-04-17T15:12:06.596+0000][34.596s] GC(11)   Other: 7.3ms
[2022-04-17T15:12:06.597+0000][34.597s] GC(11) Eden regions: 35->0(44)
[2022-04-17T15:12:06.599+0000][34.598s] GC(11) Survivor regions: 2->3(5)
[2022-04-17T15:12:06.600+0000][34.599s] GC(11) Old regions: 26->26
[2022-04-17T15:12:06.601+0000][34.601s] GC(11) Humongous regions: 4->4
[2022-04-17T15:12:06.603+0000][34.603s] GC(11) Metaspace: 33493K->33493K(1079296K)
[2022-04-17T15:12:06.604+0000][34.604s] GC(11) Pause Young (Normal) (G1 Evacuation Pause) 64M->30M(512M) 54.187ms
[2022-04-17T15:12:06.605+0000][34.605s] GC(11) User=0.02s Sys=0.00s Real=0.05s
[2022-04-17T15:12:07.725+0000][35.725s] GC(12) Pause Young (Normal) (G1 Evacuation Pause)
[2022-04-17T15:12:07.728+0000][35.728s] GC(12) Using 2 workers of 2 for evacuation
[2022-04-17T15:12:07.759+0000][35.758s] GC(12)   Pre Evacuate Collection Set: 0.1ms
[2022-04-17T15:12:07.760+0000][35.760s] GC(12)   Evacuate Collection Set: 28.4ms
[2022-04-17T15:12:07.761+0000][35.760s] GC(12)   Post Evacuate Collection Set: 0.5ms
[2022-04-17T15:12:07.762+0000][35.761s] GC(12)   Other: 4.8ms
[2022-04-17T15:12:07.762+0000][35.762s] GC(12) Eden regions: 44->0(54)
[2022-04-17T15:12:07.763+0000][35.763s] GC(12) Survivor regions: 3->3(6)
[2022-04-17T15:12:07.764+0000][35.764s] GC(12) Old regions: 26->26
[2022-04-17T15:12:07.765+0000][35.765s] GC(12) Humongous regions: 4->4
[2022-04-17T15:12:07.766+0000][35.766s] GC(12) Metaspace: 34923K->34923K(1081344K)
[2022-04-17T15:12:07.767+0000][35.767s] GC(12) Pause Young (Normal) (G1 Evacuation Pause) 74M->30M(512M) 42.429ms
[2022-04-17T15:12:07.768+0000][35.768s] GC(12) User=0.01s Sys=0.01s Real=0.05s
[2022-04-17T15:12:08.305+0000][36.305s] GC(13) Pause Young (Normal) (G1 Evacuation Pause)
[2022-04-17T15:12:08.306+0000][36.306s] GC(13) Using 2 workers of 2 for evacuation
[2022-04-17T15:12:08.339+0000][36.339s] GC(13)   Pre Evacuate Collection Set: 0.1ms
[2022-04-17T15:12:08.340+0000][36.340s] GC(13)   Evacuate Collection Set: 32.4ms
[2022-04-17T15:12:08.341+0000][36.341s] GC(13)   Post Evacuate Collection Set: 0.3ms
[2022-04-17T15:12:08.341+0000][36.341s] GC(13)   Other: 1.6ms
[2022-04-17T15:12:08.342+0000][36.342s] GC(13) Eden regions: 54->0(60)
[2022-04-17T15:12:08.343+0000][36.343s] GC(13) Survivor regions: 3->4(8)
[2022-04-17T15:12:08.344+0000][36.343s] GC(13) Old regions: 26->26
[2022-04-17T15:12:08.344+0000][36.344s] GC(13) Humongous regions: 5->4
[2022-04-17T15:12:08.345+0000][36.344s] GC(13) Metaspace: 35057K->35057K(1081344K)
[2022-04-17T15:12:08.345+0000][36.345s] GC(13) Pause Young (Normal) (G1 Evacuation Pause) 85M->31M(512M) 40.225ms
[2022-04-17T15:12:08.346+0000][36.346s] GC(13) User=0.02s Sys=0.01s Real=0.04s
[2022-04-17T15:12:11.955+0000][39.954s] GC(14) Pause Young (Normal) (G1 Evacuation Pause)
[2022-04-17T15:12:11.961+0000][39.961s] GC(14) Using 2 workers of 2 for evacuation
[2022-04-17T15:12:12.016+0000][40.015s] GC(14)   Pre Evacuate Collection Set: 0.1ms
[2022-04-17T15:12:12.019+0000][40.018s] GC(14)   Evacuate Collection Set: 52.0ms
[2022-04-17T15:12:12.019+0000][40.019s] GC(14)   Post Evacuate Collection Set: 0.6ms
[2022-04-17T15:12:12.020+0000][40.020s] GC(14)   Other: 8.3ms
[2022-04-17T15:12:12.021+0000][40.021s] GC(14) Eden regions: 60->0(68)
[2022-04-17T15:12:12.022+0000][40.021s] GC(14) Survivor regions: 4->4(8)
[2022-04-17T15:12:12.022+0000][40.022s] GC(14) Old regions: 26->26
[2022-04-17T15:12:12.023+0000][40.023s] GC(14) Humongous regions: 4->4
[2022-04-17T15:12:12.023+0000][40.023s] GC(14) Metaspace: 37144K->37144K(1083392K)
[2022-04-17T15:12:12.024+0000][40.024s] GC(14) Pause Young (Normal) (G1 Evacuation Pause) 91M->31M(512M) 69.294ms
[2022-04-17T15:12:12.025+0000][40.024s] GC(14) User=0.04s Sys=0.01s Real=0.07s
[2022-04-17T15:12:13.433+0000][41.433s] GC(15) Pause Young (Concurrent Start) (Metadata GC Threshold)
[2022-04-17T15:12:13.434+0000][41.434s] GC(15) Using 2 workers of 2 for evacuation
[2022-04-17T15:12:13.482+0000][41.482s] GC(15)   Pre Evacuate Collection Set: 0.1ms
[2022-04-17T15:12:13.483+0000][41.483s] GC(15)   Evacuate Collection Set: 43.7ms
[2022-04-17T15:12:13.484+0000][41.484s] GC(15)   Post Evacuate Collection Set: 3.1ms
[2022-04-17T15:12:13.485+0000][41.485s] GC(15)   Other: 1.8ms
[2022-04-17T15:12:13.486+0000][41.486s] GC(15) Eden regions: 29->0(60)
[2022-04-17T15:12:13.487+0000][41.486s] GC(15) Survivor regions: 4->5(9)
[2022-04-17T15:12:13.487+0000][41.487s] GC(15) Old regions: 26->26
[2022-04-17T15:12:13.488+0000][41.488s] GC(15) Humongous regions: 4->4
[2022-04-17T15:12:13.489+0000][41.489s] GC(15) Metaspace: 39335K->39335K(1085440K)
[2022-04-17T15:12:13.490+0000][41.489s] GC(15) Pause Young (Concurrent Start) (Metadata GC Threshold) 60M->32M(512M) 56.338ms
[2022-04-17T15:12:13.490+0000][41.490s] GC(15) User=0.02s Sys=0.01s Real=0.06s
[2022-04-17T15:12:13.492+0000][41.491s] GC(16) Concurrent Cycle
[2022-04-17T15:12:13.493+0000][41.493s] GC(16) Concurrent Clear Claimed Marks
[2022-04-17T15:12:13.495+0000][41.494s] GC(16) Concurrent Clear Claimed Marks 1.438ms
[2022-04-17T15:12:13.495+0000][41.495s] GC(16) Concurrent Scan Root Regions
[2022-04-17T15:12:13.551+0000][41.551s] GC(16) Concurrent Scan Root Regions 55.928ms
[2022-04-17T15:12:13.553+0000][41.552s] GC(16) Concurrent Mark (41.552s)
[2022-04-17T15:12:13.554+0000][41.553s] GC(16) Concurrent Mark From Roots
[2022-04-17T15:12:13.555+0000][41.555s] GC(16) Using 1 workers of 1 for marking
[2022-04-17T15:12:13.914+0000][41.914s] GC(16) Concurrent Mark From Roots 360.698ms
[2022-04-17T15:12:13.915+0000][41.915s] GC(16) Concurrent Preclean
[2022-04-17T15:12:13.916+0000][41.916s] GC(16) Concurrent Preclean 0.773ms
[2022-04-17T15:12:13.916+0000][41.916s] GC(16) Concurrent Mark (41.552s, 41.916s) 363.854ms
[2022-04-17T15:12:13.923+0000][41.923s] GC(16) Pause Remark
[2022-04-17T15:12:13.959+0000][41.958s] GC(16) Cleaned string and symbol table, strings: 19350 processed, 12 removed, symbols: 115952 processed, 272 removed
[2022-04-17T15:12:13.961+0000][41.960s] GC(16) Pause Remark 40M->40M(512M) 37.637ms
[2022-04-17T15:12:13.962+0000][41.962s] GC(16) User=0.02s Sys=0.00s Real=0.04s
[2022-04-17T15:12:13.963+0000][41.963s] GC(16) Concurrent Rebuild Remembered Sets
[2022-04-17T15:12:14.149+0000][42.149s] GC(16) Concurrent Rebuild Remembered Sets 186.000ms
[2022-04-17T15:12:14.153+0000][42.152s] GC(16) Pause Cleanup
[2022-04-17T15:12:14.154+0000][42.154s] GC(16) Pause Cleanup 42M->42M(512M) 1.404ms
[2022-04-17T15:12:14.155+0000][42.155s] GC(16) User=0.00s Sys=0.00s Real=0.00s
[2022-04-17T15:12:14.155+0000][42.155s] GC(16) Concurrent Cleanup for Next Mark
[2022-04-17T15:12:14.169+0000][42.168s] GC(16) Concurrent Cleanup for Next Mark 13.014ms
[2022-04-17T15:12:14.170+0000][42.169s] GC(16) Concurrent Cycle 678.038ms
[2022-04-17T15:12:16.307+0000][44.307s] GC(17) Pause Young (Normal) (G1 Evacuation Pause)
[2022-04-17T15:12:16.308+0000][44.308s] GC(17) Using 2 workers of 2 for evacuation
[2022-04-17T15:12:16.381+0000][44.381s] GC(17)   Pre Evacuate Collection Set: 0.1ms
[2022-04-17T15:12:16.382+0000][44.382s] GC(17)   Evacuate Collection Set: 68.5ms
[2022-04-17T15:12:16.383+0000][44.383s] GC(17)   Post Evacuate Collection Set: 3.4ms
[2022-04-17T15:12:16.384+0000][44.384s] GC(17)   Other: 2.2ms
[2022-04-17T15:12:16.385+0000][44.384s] GC(17) Eden regions: 46->0(66)
[2022-04-17T15:12:16.385+0000][44.385s] GC(17) Survivor regions: 5->6(7)
[2022-04-17T15:12:16.386+0000][44.386s] GC(17) Old regions: 26->27
[2022-04-17T15:12:16.387+0000][44.387s] GC(17) Humongous regions: 4->4
[2022-04-17T15:12:16.388+0000][44.388s] GC(17) Metaspace: 40345K->40345K(1085440K)
[2022-04-17T15:12:16.389+0000][44.389s] GC(17) Pause Young (Normal) (G1 Evacuation Pause) 78M->34M(512M) 81.750ms
[2022-04-17T15:12:16.390+0000][44.389s] GC(17) User=0.05s Sys=0.00s Real=0.09s
[2022-04-17T15:18:23.285+0000][411.285s] Heap
[2022-04-17T15:18:23.286+0000][411.286s]  garbage-first heap   total 524288K, used 93922K [0x00000000e0000000, 0x0000000100000000)
[2022-04-17T15:18:23.287+0000][411.287s]   region size 1024K, 64 young (65536K), 6 survivors (6144K)
[2022-04-17T15:18:23.288+0000][411.288s]  Metaspace       used 44592K, capacity 45714K, committed 46024K, reserved 1089536K
[2022-04-17T15:18:23.289+0000][411.288s]   class space    used 5384K, capacity 5829K, committed 5888K, reserved 1048576K
