[2022-05-11T22:12:49.374+0000][0.174s] Heap region size: 1M
[2022-05-11T22:12:49.405+0000][0.204s] Using G1
[2022-05-11T22:12:49.406+0000][0.206s] Heap address: 0x00000000e0000000, size: 512 MB, Compressed Oops mode: 32-bit
[2022-05-11T22:12:49.413+0000][0.212s] Mark closed archive regions in map: [0x00000000fff00000, 0x00000000fff63ff8]
[2022-05-11T22:12:49.435+0000][0.234s] Mark open archive regions in map: [0x00000000ffe00000, 0x00000000ffe41ff8]
[2022-05-11T22:12:54.902+0000][5.702s] GC(0) Pause Young (Normal) (G1 Evacuation Pause)
[2022-05-11T22:12:54.908+0000][5.707s] GC(0) Using 2 workers of 2 for evacuation
[2022-05-11T22:12:54.955+0000][5.755s] GC(0)   Pre Evacuate Collection Set: 0.0ms
[2022-05-11T22:12:54.956+0000][5.755s] GC(0)   Evacuate Collection Set: 39.9ms
[2022-05-11T22:12:54.957+0000][5.756s] GC(0)   Post Evacuate Collection Set: 5.3ms
[2022-05-11T22:12:54.957+0000][5.757s] GC(0)   Other: 7.5ms
[2022-05-11T22:12:54.958+0000][5.757s] GC(0) Eden regions: 25->0(22)
[2022-05-11T22:12:54.958+0000][5.758s] GC(0) Survivor regions: 0->3(4)
[2022-05-11T22:12:54.959+0000][5.758s] GC(0) Old regions: 2->2
[2022-05-11T22:12:54.960+0000][5.759s] GC(0) Humongous regions: 0->0
[2022-05-11T22:12:54.960+0000][5.760s] GC(0) Metaspace: 6735K->6735K(1056768K)
[2022-05-11T22:12:54.961+0000][5.760s] GC(0) Pause Young (Normal) (G1 Evacuation Pause) 25M->3M(512M) 58.117ms
[2022-05-11T22:12:54.961+0000][5.761s] GC(0) User=0.02s Sys=0.00s Real=0.06s
[2022-05-11T22:12:59.107+0000][9.907s] GC(1) Pause Young (Normal) (G1 Evacuation Pause)
[2022-05-11T22:12:59.108+0000][9.908s] GC(1) Using 2 workers of 2 for evacuation
[2022-05-11T22:12:59.227+0000][10.027s] GC(1)   Pre Evacuate Collection Set: 0.0ms
[2022-05-11T22:12:59.228+0000][10.027s] GC(1)   Evacuate Collection Set: 117.8ms
[2022-05-11T22:12:59.228+0000][10.028s] GC(1)   Post Evacuate Collection Set: 0.4ms
[2022-05-11T22:12:59.229+0000][10.028s] GC(1)   Other: 1.5ms
[2022-05-11T22:12:59.229+0000][10.029s] GC(1) Eden regions: 22->0(21)
[2022-05-11T22:12:59.230+0000][10.029s] GC(1) Survivor regions: 3->4(4)
[2022-05-11T22:12:59.231+0000][10.031s] GC(1) Old regions: 2->10
[2022-05-11T22:12:59.232+0000][10.031s] GC(1) Humongous regions: 4->4
[2022-05-11T22:12:59.232+0000][10.032s] GC(1) Metaspace: 12721K->12721K(1060864K)
[2022-05-11T22:12:59.233+0000][10.033s] GC(1) Pause Young (Normal) (G1 Evacuation Pause) 29M->15M(512M) 125.614ms
[2022-05-11T22:12:59.234+0000][10.033s] GC(1) User=0.06s Sys=0.01s Real=0.12s
[2022-05-11T22:13:02.202+0000][13.001s] GC(2) Pause Young (Normal) (G1 Evacuation Pause)
[2022-05-11T22:13:02.202+0000][13.002s] GC(2) Using 2 workers of 2 for evacuation
[2022-05-11T22:13:02.262+0000][13.061s] GC(2)   Pre Evacuate Collection Set: 0.0ms
[2022-05-11T22:13:02.263+0000][13.063s] GC(2)   Evacuate Collection Set: 57.9ms
[2022-05-11T22:13:02.264+0000][13.063s] GC(2)   Post Evacuate Collection Set: 0.6ms
[2022-05-11T22:13:02.265+0000][13.065s] GC(2)   Other: 1.5ms
[2022-05-11T22:13:02.267+0000][13.066s] GC(2) Eden regions: 21->0(22)
[2022-05-11T22:13:02.268+0000][13.067s] GC(2) Survivor regions: 4->4(4)
[2022-05-11T22:13:02.270+0000][13.069s] GC(2) Old regions: 10->14
[2022-05-11T22:13:02.271+0000][13.070s] GC(2) Humongous regions: 4->4
[2022-05-11T22:13:02.271+0000][13.071s] GC(2) Metaspace: 15243K->15243K(1062912K)
[2022-05-11T22:13:02.272+0000][13.071s] GC(2) Pause Young (Normal) (G1 Evacuation Pause) 36M->20M(512M) 70.118ms
[2022-05-11T22:13:02.272+0000][13.072s] GC(2) User=0.03s Sys=0.00s Real=0.07s
[2022-05-11T22:13:04.736+0000][15.535s] GC(3) Pause Young (Normal) (G1 Evacuation Pause)
[2022-05-11T22:13:04.737+0000][15.536s] GC(3) Using 2 workers of 2 for evacuation
[2022-05-11T22:13:04.783+0000][15.583s] GC(3)   Pre Evacuate Collection Set: 0.1ms
[2022-05-11T22:13:04.784+0000][15.584s] GC(3)   Evacuate Collection Set: 42.9ms
[2022-05-11T22:13:04.785+0000][15.584s] GC(3)   Post Evacuate Collection Set: 2.5ms
[2022-05-11T22:13:04.786+0000][15.585s] GC(3)   Other: 1.9ms
[2022-05-11T22:13:04.786+0000][15.586s] GC(3) Eden regions: 22->0(28)
[2022-05-11T22:13:04.787+0000][15.586s] GC(3) Survivor regions: 4->4(4)
[2022-05-11T22:13:04.788+0000][15.588s] GC(3) Old regions: 14->19
[2022-05-11T22:13:04.789+0000][15.588s] GC(3) Humongous regions: 4->4
[2022-05-11T22:13:04.790+0000][15.589s] GC(3) Metaspace: 18463K->18463K(1067008K)
[2022-05-11T22:13:04.790+0000][15.590s] GC(3) Pause Young (Normal) (G1 Evacuation Pause) 42M->24M(512M) 54.429ms
[2022-05-11T22:13:04.791+0000][15.591s] GC(3) User=0.02s Sys=0.01s Real=0.05s
[2022-05-11T22:13:05.500+0000][16.299s] GC(4) Pause Young (Concurrent Start) (Metadata GC Threshold)
[2022-05-11T22:13:05.501+0000][16.300s] GC(4) Using 2 workers of 2 for evacuation
[2022-05-11T22:13:05.523+0000][16.322s] GC(4)   Pre Evacuate Collection Set: 0.1ms
[2022-05-11T22:13:05.524+0000][16.323s] GC(4)   Evacuate Collection Set: 20.7ms
[2022-05-11T22:13:05.524+0000][16.324s] GC(4)   Post Evacuate Collection Set: 0.2ms
[2022-05-11T22:13:05.525+0000][16.324s] GC(4)   Other: 1.9ms
[2022-05-11T22:13:05.525+0000][16.325s] GC(4) Eden regions: 18->0(38)
[2022-05-11T22:13:05.526+0000][16.325s] GC(4) Survivor regions: 4->1(4)
[2022-05-11T22:13:05.526+0000][16.326s] GC(4) Old regions: 19->22
[2022-05-11T22:13:05.527+0000][16.326s] GC(4) Humongous regions: 4->4
[2022-05-11T22:13:05.527+0000][16.327s] GC(4) Metaspace: 20362K->20362K(1069056K)
[2022-05-11T22:13:05.528+0000][16.327s] GC(4) Pause Young (Concurrent Start) (Metadata GC Threshold) 42M->24M(512M) 27.562ms
[2022-05-11T22:13:05.528+0000][16.328s] GC(4) User=0.00s Sys=0.00s Real=0.03s
[2022-05-11T22:13:05.529+0000][16.328s] GC(5) Concurrent Cycle
[2022-05-11T22:13:05.529+0000][16.329s] GC(5) Concurrent Clear Claimed Marks
[2022-05-11T22:13:05.530+0000][16.330s] GC(5) Concurrent Clear Claimed Marks 0.752ms
[2022-05-11T22:13:05.531+0000][16.330s] GC(5) Concurrent Scan Root Regions
[2022-05-11T22:13:05.532+0000][16.332s] GC(5) Concurrent Scan Root Regions 1.442ms
[2022-05-11T22:13:05.533+0000][16.332s] GC(5) Concurrent Mark (16.332s)
[2022-05-11T22:13:05.534+0000][16.333s] GC(5) Concurrent Mark From Roots
[2022-05-11T22:13:05.535+0000][16.334s] GC(5) Using 1 workers of 1 for marking
[2022-05-11T22:13:05.814+0000][16.614s] GC(5) Concurrent Mark From Roots 280.127ms
[2022-05-11T22:13:05.815+0000][16.614s] GC(5) Concurrent Preclean
[2022-05-11T22:13:05.818+0000][16.617s] GC(5) Concurrent Preclean 2.843ms
[2022-05-11T22:13:05.819+0000][16.619s] GC(5) Concurrent Mark (16.332s, 16.618s) 285.970ms
[2022-05-11T22:13:05.836+0000][16.635s] GC(5) Pause Remark
[2022-05-11T22:13:05.861+0000][16.661s] GC(5) Cleaned string and symbol table, strings: 8971 processed, 25 removed, symbols: 60952 processed, 39 removed
[2022-05-11T22:13:05.862+0000][16.662s] GC(5) Pause Remark 26M->26M(512M) 26.387ms
[2022-05-11T22:13:05.864+0000][16.663s] GC(5) User=0.01s Sys=0.01s Real=0.02s
[2022-05-11T22:13:05.864+0000][16.664s] GC(5) Concurrent Rebuild Remembered Sets
[2022-05-11T22:13:06.003+0000][16.802s] GC(5) Concurrent Rebuild Remembered Sets 138.709ms
[2022-05-11T22:13:06.020+0000][16.819s] GC(5) Pause Cleanup
[2022-05-11T22:13:06.022+0000][16.822s] GC(5) Pause Cleanup 28M->28M(512M) 2.264ms
[2022-05-11T22:13:06.023+0000][16.822s] GC(5) User=0.00s Sys=0.00s Real=0.00s
[2022-05-11T22:13:06.024+0000][16.823s] GC(5) Concurrent Cleanup for Next Mark
[2022-05-11T22:13:06.027+0000][16.826s] GC(5) Concurrent Cleanup for Next Mark 3.207ms
[2022-05-11T22:13:06.027+0000][16.827s] GC(5) Concurrent Cycle 498.769ms
[2022-05-11T22:13:10.709+0000][21.508s] GC(6) Pause Young (Concurrent Start) (G1 Evacuation Pause)
[2022-05-11T22:13:10.710+0000][21.509s] GC(6) Using 2 workers of 2 for evacuation
[2022-05-11T22:13:10.753+0000][21.553s] GC(6)   Pre Evacuate Collection Set: 0.1ms
[2022-05-11T22:13:10.754+0000][21.553s] GC(6)   Evacuate Collection Set: 38.8ms
[2022-05-11T22:13:10.755+0000][21.554s] GC(6)   Post Evacuate Collection Set: 3.8ms
[2022-05-11T22:13:10.755+0000][21.554s] GC(6)   Other: 1.5ms
[2022-05-11T22:13:10.756+0000][21.555s] GC(6) Eden regions: 38->0(57)
[2022-05-11T22:13:10.756+0000][21.556s] GC(6) Survivor regions: 1->2(5)
[2022-05-11T22:13:10.757+0000][21.556s] GC(6) Old regions: 22->22
[2022-05-11T22:13:10.758+0000][21.558s] GC(6) Humongous regions: 4->4
[2022-05-11T22:13:10.759+0000][21.558s] GC(6) Metaspace: 25560K->25560K(1073152K)
[2022-05-11T22:13:10.759+0000][21.559s] GC(6) Pause Young (Concurrent Start) (G1 Evacuation Pause) 62M->25M(512M) 50.316ms
[2022-05-11T22:13:10.761+0000][21.561s] GC(6) User=0.02s Sys=0.00s Real=0.05s
[2022-05-11T22:13:10.762+0000][21.562s] GC(7) Concurrent Cycle
[2022-05-11T22:13:10.763+0000][21.562s] GC(7) Concurrent Clear Claimed Marks
[2022-05-11T22:13:10.764+0000][21.563s] GC(7) Concurrent Clear Claimed Marks 1.100ms
[2022-05-11T22:13:10.765+0000][21.565s] GC(7) Concurrent Scan Root Regions
[2022-05-11T22:13:10.768+0000][21.568s] GC(7) Concurrent Scan Root Regions 3.177ms
[2022-05-11T22:13:10.769+0000][21.569s] GC(7) Concurrent Mark (21.569s)
[2022-05-11T22:13:10.771+0000][21.570s] GC(7) Concurrent Mark From Roots
[2022-05-11T22:13:10.772+0000][21.571s] GC(7) Using 1 workers of 1 for marking
[2022-05-11T22:13:11.023+0000][21.822s] GC(7) Concurrent Mark From Roots 252.003ms
[2022-05-11T22:13:11.024+0000][21.823s] GC(7) Concurrent Preclean
[2022-05-11T22:13:11.030+0000][21.830s] GC(7) Concurrent Preclean 6.302ms
[2022-05-11T22:13:11.033+0000][21.832s] GC(7) Concurrent Mark (21.569s, 21.832s) 263.171ms
[2022-05-11T22:13:11.034+0000][21.833s] GC(7) Pause Remark
[2022-05-11T22:13:11.074+0000][21.873s] GC(7) Cleaned string and symbol table, strings: 11637 processed, 0 removed, symbols: 74286 processed, 37 removed
[2022-05-11T22:13:11.094+0000][21.893s] GC(7) Pause Remark 27M->27M(512M) 60.386ms
[2022-05-11T22:13:11.102+0000][21.901s] GC(7) User=0.03s Sys=0.00s Real=0.07s
[2022-05-11T22:13:11.103+0000][21.902s] GC(7) Concurrent Rebuild Remembered Sets
[2022-05-11T22:13:11.299+0000][22.099s] GC(7) Concurrent Rebuild Remembered Sets 196.122ms
[2022-05-11T22:13:11.301+0000][22.101s] GC(7) Pause Cleanup
[2022-05-11T22:13:11.305+0000][22.105s] GC(7) Pause Cleanup 28M->28M(512M) 3.876ms
[2022-05-11T22:13:11.306+0000][22.105s] GC(7) User=0.00s Sys=0.00s Real=0.01s
[2022-05-11T22:13:11.307+0000][22.106s] GC(7) Concurrent Cleanup for Next Mark
[2022-05-11T22:13:11.321+0000][22.120s] GC(7) Concurrent Cleanup for Next Mark 14.176ms
[2022-05-11T22:13:11.322+0000][22.122s] GC(7) Concurrent Cycle 560.000ms
[2022-05-11T22:13:17.126+0000][27.925s] GC(8) Pause Young (Normal) (G1 Evacuation Pause)
[2022-05-11T22:13:17.127+0000][27.926s] GC(8) Using 2 workers of 2 for evacuation
[2022-05-11T22:13:17.198+0000][27.998s] GC(8)   Pre Evacuate Collection Set: 0.2ms
[2022-05-11T22:13:17.199+0000][27.999s] GC(8)   Evacuate Collection Set: 69.1ms
[2022-05-11T22:13:17.200+0000][27.999s] GC(8)   Post Evacuate Collection Set: 0.5ms
[2022-05-11T22:13:17.201+0000][28.000s] GC(8)   Other: 2.5ms
[2022-05-11T22:13:17.201+0000][28.001s] GC(8) Eden regions: 57->0(66)
[2022-05-11T22:13:17.202+0000][28.001s] GC(8) Survivor regions: 2->5(8)
[2022-05-11T22:13:17.202+0000][28.002s] GC(8) Old regions: 22->22
[2022-05-11T22:13:17.203+0000][28.002s] GC(8) Humongous regions: 4->4
[2022-05-11T22:13:17.203+0000][28.003s] GC(8) Metaspace: 31586K->31586K(1077248K)
[2022-05-11T22:13:17.204+0000][28.003s] GC(8) Pause Young (Normal) (G1 Evacuation Pause) 82M->28M(512M) 77.822ms
[2022-05-11T22:13:17.205+0000][28.004s] GC(8) User=0.03s Sys=0.01s Real=0.07s
[2022-05-11T22:13:19.601+0000][30.400s] GC(9) Pause Young (Normal) (G1 Evacuation Pause)
[2022-05-11T22:13:19.603+0000][30.402s] GC(9) Using 2 workers of 2 for evacuation
[2022-05-11T22:13:19.687+0000][30.487s] GC(9)   Pre Evacuate Collection Set: 0.0ms
[2022-05-11T22:13:19.688+0000][30.487s] GC(9)   Evacuate Collection Set: 79.9ms
[2022-05-11T22:13:19.689+0000][30.488s] GC(9)   Post Evacuate Collection Set: 2.4ms
[2022-05-11T22:13:19.689+0000][30.489s] GC(9)   Other: 4.1ms
[2022-05-11T22:13:19.691+0000][30.491s] GC(9) Eden regions: 66->0(72)
[2022-05-11T22:13:19.692+0000][30.492s] GC(9) Survivor regions: 5->6(9)
[2022-05-11T22:13:19.693+0000][30.492s] GC(9) Old regions: 22->22
[2022-05-11T22:13:19.693+0000][30.493s] GC(9) Humongous regions: 4->4
[2022-05-11T22:13:19.694+0000][30.494s] GC(9) Metaspace: 33363K->33363K(1079296K)
[2022-05-11T22:13:19.695+0000][30.494s] GC(9) Pause Young (Normal) (G1 Evacuation Pause) 94M->30M(512M) 93.683ms
[2022-05-11T22:13:19.695+0000][30.495s] GC(9) User=0.03s Sys=0.01s Real=0.09s
[2022-05-11T22:13:21.261+0000][32.061s] GC(10) Pause Young (Normal) (G1 Evacuation Pause)
[2022-05-11T22:13:21.262+0000][32.061s] GC(10) Using 2 workers of 2 for evacuation
[2022-05-11T22:13:21.365+0000][32.164s] GC(10)   Pre Evacuate Collection Set: 0.0ms
[2022-05-11T22:13:21.365+0000][32.165s] GC(10)   Evacuate Collection Set: 101.5ms
[2022-05-11T22:13:21.366+0000][32.165s] GC(10)   Post Evacuate Collection Set: 0.3ms
[2022-05-11T22:13:21.366+0000][32.166s] GC(10)   Other: 1.6ms
[2022-05-11T22:13:21.367+0000][32.166s] GC(10) Eden regions: 72->0(79)
[2022-05-11T22:13:21.367+0000][32.167s] GC(10) Survivor regions: 6->6(10)
[2022-05-11T22:13:21.368+0000][32.167s] GC(10) Old regions: 22->23
[2022-05-11T22:13:21.368+0000][32.168s] GC(10) Humongous regions: 4->4
[2022-05-11T22:13:21.369+0000][32.168s] GC(10) Metaspace: 34856K->34856K(1081344K)
[2022-05-11T22:13:21.370+0000][32.169s] GC(10) Pause Young (Normal) (G1 Evacuation Pause) 102M->31M(512M) 108.315ms
[2022-05-11T22:13:21.370+0000][32.170s] GC(10) User=0.03s Sys=0.00s Real=0.11s
[2022-05-11T22:13:24.707+0000][35.506s] GC(11) Pause Young (Normal) (G1 Evacuation Pause)
[2022-05-11T22:13:24.707+0000][35.507s] GC(11) Using 2 workers of 2 for evacuation
[2022-05-11T22:13:24.773+0000][35.572s] GC(11)   Pre Evacuate Collection Set: 0.0ms
[2022-05-11T22:13:24.774+0000][35.573s] GC(11)   Evacuate Collection Set: 60.8ms
[2022-05-11T22:13:24.775+0000][35.574s] GC(11)   Post Evacuate Collection Set: 4.1ms
[2022-05-11T22:13:24.775+0000][35.575s] GC(11)   Other: 1.4ms
[2022-05-11T22:13:24.776+0000][35.575s] GC(11) Eden regions: 79->0(93)
[2022-05-11T22:13:24.776+0000][35.576s] GC(11) Survivor regions: 6->7(11)
[2022-05-11T22:13:24.777+0000][35.576s] GC(11) Old regions: 23->23
[2022-05-11T22:13:24.777+0000][35.577s] GC(11) Humongous regions: 5->4
[2022-05-11T22:13:24.778+0000][35.577s] GC(11) Metaspace: 36722K->36722K(1083392K)
[2022-05-11T22:13:24.778+0000][35.578s] GC(11) Pause Young (Normal) (G1 Evacuation Pause) 111M->31M(512M) 71.431ms
[2022-05-11T22:13:24.779+0000][35.578s] GC(11) User=0.03s Sys=0.01s Real=0.07s
[2022-05-11T22:13:29.883+0000][40.683s] GC(12) Pause Young (Normal) (G1 Evacuation Pause)
[2022-05-11T22:13:29.887+0000][40.686s] GC(12) Using 2 workers of 2 for evacuation
[2022-05-11T22:13:29.967+0000][40.766s] GC(12)   Pre Evacuate Collection Set: 0.1ms
[2022-05-11T22:13:29.968+0000][40.768s] GC(12)   Evacuate Collection Set: 69.8ms
[2022-05-11T22:13:29.969+0000][40.768s] GC(12)   Post Evacuate Collection Set: 8.8ms
[2022-05-11T22:13:29.970+0000][40.769s] GC(12)   Other: 5.1ms
[2022-05-11T22:13:29.970+0000][40.769s] GC(12) Eden regions: 93->0(111)
[2022-05-11T22:13:29.971+0000][40.770s] GC(12) Survivor regions: 7->10(13)
[2022-05-11T22:13:29.971+0000][40.770s] GC(12) Old regions: 23->23
[2022-05-11T22:13:29.971+0000][40.771s] GC(12) Humongous regions: 4->4
[2022-05-11T22:13:29.972+0000][40.771s] GC(12) Metaspace: 41329K->41329K(1087488K)
[2022-05-11T22:13:29.972+0000][40.772s] GC(12) Pause Young (Normal) (G1 Evacuation Pause) 124M->34M(512M) 89.126ms
[2022-05-11T22:13:29.973+0000][40.772s] GC(12) User=0.04s Sys=0.00s Real=0.09s
[2022-05-11T22:14:14.109+0000][84.908s] GC(13) Pause Young (Concurrent Start) (Metadata GC Threshold)
[2022-05-11T22:14:14.110+0000][84.909s] GC(13) Using 2 workers of 2 for evacuation
[2022-05-11T22:14:14.165+0000][84.964s] GC(13)   Pre Evacuate Collection Set: 0.1ms
[2022-05-11T22:14:14.165+0000][84.965s] GC(13)   Evacuate Collection Set: 53.4ms
[2022-05-11T22:14:14.166+0000][84.965s] GC(13)   Post Evacuate Collection Set: 0.6ms
[2022-05-11T22:14:14.167+0000][84.966s] GC(13)   Other: 1.7ms
[2022-05-11T22:14:14.167+0000][84.967s] GC(13) Eden regions: 34->0(111)
[2022-05-11T22:14:14.168+0000][84.967s] GC(13) Survivor regions: 10->9(16)
[2022-05-11T22:14:14.168+0000][84.968s] GC(13) Old regions: 23->26
[2022-05-11T22:14:14.171+0000][84.970s] GC(13) Humongous regions: 4->4
[2022-05-11T22:14:14.171+0000][84.971s] GC(13) Metaspace: 43865K->43865K(1089536K)
[2022-05-11T22:14:14.172+0000][84.971s] GC(13) Pause Young (Concurrent Start) (Metadata GC Threshold) 68M->36M(512M) 63.098ms
[2022-05-11T22:14:14.172+0000][84.972s] GC(13) User=0.05s Sys=0.01s Real=0.06s
[2022-05-11T22:14:14.173+0000][84.973s] GC(14) Concurrent Cycle
[2022-05-11T22:14:14.174+0000][84.973s] GC(14) Concurrent Clear Claimed Marks
[2022-05-11T22:14:14.174+0000][84.974s] GC(14) Concurrent Clear Claimed Marks 0.739ms
[2022-05-11T22:14:14.175+0000][84.974s] GC(14) Concurrent Scan Root Regions
[2022-05-11T22:14:14.205+0000][85.005s] GC(14) Concurrent Scan Root Regions 30.182ms
[2022-05-11T22:14:14.206+0000][85.005s] GC(14) Concurrent Mark (85.005s)
[2022-05-11T22:14:14.206+0000][85.006s] GC(14) Concurrent Mark From Roots
[2022-05-11T22:14:14.207+0000][85.006s] GC(14) Using 1 workers of 1 for marking
[2022-05-11T22:14:14.467+0000][85.267s] GC(14) Concurrent Mark From Roots 260.725ms
[2022-05-11T22:14:14.498+0000][85.297s] GC(14) Concurrent Preclean
[2022-05-11T22:14:14.522+0000][85.321s] GC(14) Concurrent Preclean 24.045ms
[2022-05-11T22:14:14.531+0000][85.330s] GC(14) Concurrent Mark (85.005s, 85.330s) 325.067ms
[2022-05-11T22:14:14.533+0000][85.333s] GC(14) Pause Remark
[2022-05-11T22:14:14.564+0000][85.364s] GC(14) Cleaned string and symbol table, strings: 21925 processed, 10 removed, symbols: 127673 processed, 633 removed
[2022-05-11T22:14:14.565+0000][85.365s] GC(14) Pause Remark 39M->39M(512M) 32.338ms
[2022-05-11T22:14:14.566+0000][85.366s] GC(14) User=0.02s Sys=0.00s Real=0.04s
[2022-05-11T22:14:14.567+0000][85.366s] GC(14) Concurrent Rebuild Remembered Sets
[2022-05-11T22:14:14.601+0000][85.400s] GC(14) Concurrent Rebuild Remembered Sets 33.488ms
[2022-05-11T22:14:14.602+0000][85.401s] GC(14) Pause Cleanup
[2022-05-11T22:14:14.603+0000][85.402s] GC(14) Pause Cleanup 39M->39M(512M) 1.070ms
[2022-05-11T22:14:14.603+0000][85.403s] GC(14) User=0.00s Sys=0.00s Real=0.00s
[2022-05-11T22:14:14.604+0000][85.404s] GC(14) Concurrent Cleanup for Next Mark
[2022-05-11T22:14:14.607+0000][85.406s] GC(14) Concurrent Cleanup for Next Mark 2.872ms
[2022-05-11T22:14:14.608+0000][85.407s] GC(14) Concurrent Cycle 434.832ms
[2022-05-12T02:40:23.210+0000][16054.010s] GC(15) Pause Young (Normal) (G1 Evacuation Pause)
[2022-05-12T02:40:23.215+0000][16054.014s] GC(15) Using 2 workers of 2 for evacuation
[2022-05-12T02:40:23.265+0000][16054.064s] GC(15)   Pre Evacuate Collection Set: 0.0ms
[2022-05-12T02:40:23.266+0000][16054.065s] GC(15)   Evacuate Collection Set: 44.9ms
[2022-05-12T02:40:23.267+0000][16054.066s] GC(15)   Post Evacuate Collection Set: 0.9ms
[2022-05-12T02:40:23.268+0000][16054.067s] GC(15)   Other: 8.3ms
[2022-05-12T02:40:23.268+0000][16054.068s] GC(15) Eden regions: 112->0(136)
[2022-05-12T02:40:23.269+0000][16054.068s] GC(15) Survivor regions: 9->9(16)
[2022-05-12T02:40:23.270+0000][16054.069s] GC(15) Old regions: 26->26
[2022-05-12T02:40:23.271+0000][16054.070s] GC(15) Humongous regions: 4->4
[2022-05-12T02:40:23.272+0000][16054.071s] GC(15) Metaspace: 44466K->44466K(1089536K)
[2022-05-12T02:40:23.273+0000][16054.072s] GC(15) Pause Young (Normal) (G1 Evacuation Pause) 148M->37M(512M) 62.798ms
[2022-05-12T02:40:23.274+0000][16054.073s] GC(15) User=0.09s Sys=0.00s Real=0.06s
[2022-05-12T08:30:27.070+0000][37057.870s] GC(16) Pause Young (Normal) (G1 Evacuation Pause)
[2022-05-12T08:30:27.073+0000][37057.872s] GC(16) Using 2 workers of 2 for evacuation
[2022-05-12T08:30:27.094+0000][37057.894s] GC(16)   Pre Evacuate Collection Set: 0.0ms
[2022-05-12T08:30:27.095+0000][37057.895s] GC(16)   Evacuate Collection Set: 18.8ms
[2022-05-12T08:30:27.096+0000][37057.896s] GC(16)   Post Evacuate Collection Set: 1.6ms
[2022-05-12T08:30:27.097+0000][37057.897s] GC(16)   Other: 3.3ms
[2022-05-12T08:30:27.098+0000][37057.898s] GC(16) Eden regions: 136->0(206)
[2022-05-12T08:30:27.099+0000][37057.898s] GC(16) Survivor regions: 9->8(19)
[2022-05-12T08:30:27.100+0000][37057.899s] GC(16) Old regions: 26->26
[2022-05-12T08:30:27.101+0000][37057.901s] GC(16) Humongous regions: 4->4
[2022-05-12T08:30:27.103+0000][37057.903s] GC(16) Metaspace: 44547K->44547K(1089536K)
[2022-05-12T08:30:27.105+0000][37057.905s] GC(16) Pause Young (Normal) (G1 Evacuation Pause) 173M->36M(512M) 34.892ms
[2022-05-12T08:30:27.106+0000][37057.906s] GC(16) User=0.03s Sys=0.00s Real=0.04s
[2022-05-12T16:42:43.224+0000][66594.024s] GC(17) Pause Young (Normal) (G1 Evacuation Pause)
[2022-05-12T16:42:43.242+0000][66594.042s] GC(17) Using 2 workers of 2 for evacuation
[2022-05-12T16:42:43.299+0000][66594.099s] GC(17)   Pre Evacuate Collection Set: 0.0ms
[2022-05-12T16:42:43.306+0000][66594.106s] GC(17)   Evacuate Collection Set: 53.7ms
[2022-05-12T16:42:43.308+0000][66594.108s] GC(17)   Post Evacuate Collection Set: 1.9ms
[2022-05-12T16:42:43.309+0000][66594.109s] GC(17)   Other: 19.2ms
[2022-05-12T16:42:43.311+0000][66594.111s] GC(17) Eden regions: 206->0(297)
[2022-05-12T16:42:43.313+0000][66594.113s] GC(17) Survivor regions: 8->10(27)
[2022-05-12T16:42:43.315+0000][66594.114s] GC(17) Old regions: 26->26
[2022-05-12T16:42:43.315+0000][66594.115s] GC(17) Humongous regions: 4->4
[2022-05-12T16:42:43.316+0000][66594.116s] GC(17) Metaspace: 46581K->46581K(1091584K)
[2022-05-12T16:42:43.317+0000][66594.117s] GC(17) Pause Young (Normal) (G1 Evacuation Pause) 242M->38M(512M) 93.431ms
[2022-05-12T16:42:43.319+0000][66594.119s] GC(17) User=0.09s Sys=0.02s Real=0.10s
