[2022-04-17T15:08:13.480+0000][0.042s] Heap region size: 1M
[2022-04-17T15:08:13.518+0000][0.081s] Using G1
[2022-04-17T15:08:13.524+0000][0.087s] Heap address: 0x00000000e0000000, size: 512 MB, Compressed Oops mode: 32-bit
[2022-04-17T15:08:13.526+0000][0.088s] Mark closed archive regions in map: [0x00000000fff00000, 0x00000000fff63ff8]
[2022-04-17T15:08:13.531+0000][0.093s] Mark open archive regions in map: [0x00000000ffe00000, 0x00000000ffe41ff8]
[2022-04-17T15:08:17.596+0000][4.159s] GC(0) Pause Young (Normal) (G1 Evacuation Pause)
[2022-04-17T15:08:17.602+0000][4.165s] GC(0) Using 2 workers of 2 for evacuation
[2022-04-17T15:08:17.660+0000][4.222s] GC(0)   Pre Evacuate Collection Set: 0.0ms
[2022-04-17T15:08:17.661+0000][4.223s] GC(0)   Evacuate Collection Set: 46.7ms
[2022-04-17T15:08:17.663+0000][4.226s] GC(0)   Post Evacuate Collection Set: 9.6ms
[2022-04-17T15:08:17.664+0000][4.227s] GC(0)   Other: 7.2ms
[2022-04-17T15:08:17.665+0000][4.228s] GC(0) Eden regions: 25->0(22)
[2022-04-17T15:08:17.665+0000][4.228s] GC(0) Survivor regions: 0->3(4)
[2022-04-17T15:08:17.666+0000][4.229s] GC(0) Old regions: 2->2
[2022-04-17T15:08:17.666+0000][4.229s] GC(0) Humongous regions: 0->0
[2022-04-17T15:08:17.667+0000][4.230s] GC(0) Metaspace: 6758K->6758K(1056768K)
[2022-04-17T15:08:17.668+0000][4.230s] GC(0) Pause Young (Normal) (G1 Evacuation Pause) 25M->3M(512M) 71.481ms
[2022-04-17T15:08:17.668+0000][4.231s] GC(0) User=0.04s Sys=0.00s Real=0.08s
[2022-04-17T15:08:20.223+0000][6.786s] GC(1) Pause Young (Normal) (G1 Evacuation Pause)
[2022-04-17T15:08:20.224+0000][6.787s] GC(1) Using 2 workers of 2 for evacuation
[2022-04-17T15:08:20.399+0000][6.962s] GC(1)   Pre Evacuate Collection Set: 0.1ms
[2022-04-17T15:08:20.400+0000][6.963s] GC(1)   Evacuate Collection Set: 172.6ms
[2022-04-17T15:08:20.401+0000][6.964s] GC(1)   Post Evacuate Collection Set: 2.1ms
[2022-04-17T15:08:20.402+0000][6.964s] GC(1)   Other: 1.6ms
[2022-04-17T15:08:20.402+0000][6.965s] GC(1) Eden regions: 22->0(21)
[2022-04-17T15:08:20.403+0000][6.965s] GC(1) Survivor regions: 3->4(4)
[2022-04-17T15:08:20.405+0000][6.968s] GC(1) Old regions: 2->10
[2022-04-17T15:08:20.406+0000][6.968s] GC(1) Humongous regions: 4->4
[2022-04-17T15:08:20.406+0000][6.969s] GC(1) Metaspace: 12806K->12806K(1060864K)
[2022-04-17T15:08:20.407+0000][6.969s] GC(1) Pause Young (Normal) (G1 Evacuation Pause) 29M->15M(512M) 183.648ms
[2022-04-17T15:08:20.407+0000][6.970s] GC(1) User=0.08s Sys=0.01s Real=0.18s
[2022-04-17T15:08:22.295+0000][8.858s] GC(2) Pause Young (Normal) (G1 Evacuation Pause)
[2022-04-17T15:08:22.296+0000][8.859s] GC(2) Using 2 workers of 2 for evacuation
[2022-04-17T15:08:22.362+0000][8.925s] GC(2)   Pre Evacuate Collection Set: 0.1ms
[2022-04-17T15:08:22.363+0000][8.926s] GC(2)   Evacuate Collection Set: 64.8ms
[2022-04-17T15:08:22.364+0000][8.927s] GC(2)   Post Evacuate Collection Set: 0.8ms
[2022-04-17T15:08:22.365+0000][8.928s] GC(2)   Other: 1.6ms
[2022-04-17T15:08:22.366+0000][8.928s] GC(2) Eden regions: 21->0(22)
[2022-04-17T15:08:22.366+0000][8.929s] GC(2) Survivor regions: 4->4(4)
[2022-04-17T15:08:22.367+0000][8.929s] GC(2) Old regions: 10->14
[2022-04-17T15:08:22.367+0000][8.930s] GC(2) Humongous regions: 4->4
[2022-04-17T15:08:22.368+0000][8.930s] GC(2) Metaspace: 15221K->15221K(1062912K)
[2022-04-17T15:08:22.368+0000][8.931s] GC(2) Pause Young (Normal) (G1 Evacuation Pause) 36M->20M(512M) 73.197ms
[2022-04-17T15:08:22.369+0000][8.931s] GC(2) User=0.02s Sys=0.01s Real=0.08s
[2022-04-17T15:08:23.808+0000][10.371s] GC(3) Pause Young (Normal) (G1 Evacuation Pause)
[2022-04-17T15:08:23.809+0000][10.372s] GC(3) Using 2 workers of 2 for evacuation
[2022-04-17T15:08:23.861+0000][10.423s] GC(3)   Pre Evacuate Collection Set: 0.0ms
[2022-04-17T15:08:23.862+0000][10.424s] GC(3)   Evacuate Collection Set: 48.8ms
[2022-04-17T15:08:23.862+0000][10.425s] GC(3)   Post Evacuate Collection Set: 0.7ms
[2022-04-17T15:08:23.863+0000][10.425s] GC(3)   Other: 2.7ms
[2022-04-17T15:08:23.863+0000][10.426s] GC(3) Eden regions: 22->0(27)
[2022-04-17T15:08:23.864+0000][10.426s] GC(3) Survivor regions: 4->3(4)
[2022-04-17T15:08:23.865+0000][10.428s] GC(3) Old regions: 14->19
[2022-04-17T15:08:23.866+0000][10.429s] GC(3) Humongous regions: 4->4
[2022-04-17T15:08:23.867+0000][10.430s] GC(3) Metaspace: 18398K->18398K(1067008K)
[2022-04-17T15:08:23.868+0000][10.431s] GC(3) Pause Young (Normal) (G1 Evacuation Pause) 42M->24M(512M) 59.362ms
[2022-04-17T15:08:23.869+0000][10.431s] GC(3) User=0.01s Sys=0.00s Real=0.06s
[2022-04-17T15:08:24.351+0000][10.913s] GC(4) Pause Young (Concurrent Start) (Metadata GC Threshold)
[2022-04-17T15:08:24.352+0000][10.914s] GC(4) Using 2 workers of 2 for evacuation
[2022-04-17T15:08:24.368+0000][10.931s] GC(4)   Pre Evacuate Collection Set: 0.1ms
[2022-04-17T15:08:24.371+0000][10.934s] GC(4)   Evacuate Collection Set: 15.6ms
[2022-04-17T15:08:24.372+0000][10.934s] GC(4)   Post Evacuate Collection Set: 0.3ms
[2022-04-17T15:08:24.372+0000][10.935s] GC(4)   Other: 1.7ms
[2022-04-17T15:08:24.373+0000][10.936s] GC(4) Eden regions: 18->0(33)
[2022-04-17T15:08:24.374+0000][10.936s] GC(4) Survivor regions: 3->1(4)
[2022-04-17T15:08:24.374+0000][10.937s] GC(4) Old regions: 19->21
[2022-04-17T15:08:24.375+0000][10.937s] GC(4) Humongous regions: 4->4
[2022-04-17T15:08:24.375+0000][10.938s] GC(4) Metaspace: 20351K->20351K(1067008K)
[2022-04-17T15:08:24.376+0000][10.938s] GC(4) Pause Young (Concurrent Start) (Metadata GC Threshold) 42M->24M(512M) 24.872ms
[2022-04-17T15:08:24.376+0000][10.939s] GC(4) User=0.01s Sys=0.00s Real=0.02s
[2022-04-17T15:08:24.377+0000][10.940s] GC(5) Concurrent Cycle
[2022-04-17T15:08:24.377+0000][10.940s] GC(5) Concurrent Clear Claimed Marks
[2022-04-17T15:08:24.378+0000][10.941s] GC(5) Concurrent Clear Claimed Marks 0.543ms
[2022-04-17T15:08:24.378+0000][10.941s] GC(5) Concurrent Scan Root Regions
[2022-04-17T15:08:24.379+0000][10.942s] GC(5) Concurrent Scan Root Regions 1.025ms
[2022-04-17T15:08:24.380+0000][10.943s] GC(5) Concurrent Mark (10.943s)
[2022-04-17T15:08:24.381+0000][10.943s] GC(5) Concurrent Mark From Roots
[2022-04-17T15:08:24.381+0000][10.944s] GC(5) Using 1 workers of 1 for marking
[2022-04-17T15:08:24.588+0000][11.151s] GC(5) Concurrent Mark From Roots 207.698ms
[2022-04-17T15:08:24.589+0000][11.152s] GC(5) Concurrent Preclean
[2022-04-17T15:08:24.590+0000][11.153s] GC(5) Concurrent Preclean 1.070ms
[2022-04-17T15:08:24.591+0000][11.154s] GC(5) Concurrent Mark (10.943s, 11.154s) 210.879ms
[2022-04-17T15:08:24.594+0000][11.157s] GC(5) Pause Remark
[2022-04-17T15:08:24.603+0000][11.166s] GC(5) Cleaned string and symbol table, strings: 8950 processed, 25 removed, symbols: 60758 processed, 40 removed
[2022-04-17T15:08:24.615+0000][11.178s] GC(5) Pause Remark 26M->26M(512M) 20.789ms
[2022-04-17T15:08:24.616+0000][11.178s] GC(5) User=0.01s Sys=0.00s Real=0.02s
[2022-04-17T15:08:24.618+0000][11.181s] GC(5) Concurrent Rebuild Remembered Sets
[2022-04-17T15:08:24.743+0000][11.306s] GC(5) Concurrent Rebuild Remembered Sets 125.388ms
[2022-04-17T15:08:24.750+0000][11.313s] GC(5) Pause Cleanup
[2022-04-17T15:08:24.752+0000][11.315s] GC(5) Pause Cleanup 28M->28M(512M) 1.732ms
[2022-04-17T15:08:24.754+0000][11.317s] GC(5) User=0.00s Sys=0.00s Real=0.00s
[2022-04-17T15:08:24.756+0000][11.319s] GC(5) Concurrent Cleanup for Next Mark
[2022-04-17T15:08:24.758+0000][11.321s] GC(5) Concurrent Cleanup for Next Mark 2.035ms
[2022-04-17T15:08:24.759+0000][11.322s] GC(5) Concurrent Cycle 382.172ms
[2022-04-17T15:08:27.403+0000][13.966s] GC(6) Pause Young (Concurrent Start) (G1 Evacuation Pause)
[2022-04-17T15:08:27.404+0000][13.967s] GC(6) Using 2 workers of 2 for evacuation
[2022-04-17T15:08:27.421+0000][13.984s] GC(6)   Pre Evacuate Collection Set: 0.2ms
[2022-04-17T15:08:27.422+0000][13.985s] GC(6)   Evacuate Collection Set: 15.5ms
[2022-04-17T15:08:27.423+0000][13.985s] GC(6)   Post Evacuate Collection Set: 0.3ms
[2022-04-17T15:08:27.423+0000][13.986s] GC(6)   Other: 1.8ms
[2022-04-17T15:08:27.424+0000][13.987s] GC(6) Eden regions: 33->0(75)
[2022-04-17T15:08:27.424+0000][13.987s] GC(6) Survivor regions: 1->1(5)
[2022-04-17T15:08:27.425+0000][13.988s] GC(6) Old regions: 21->21
[2022-04-17T15:08:27.426+0000][13.989s] GC(6) Humongous regions: 4->4
[2022-04-17T15:08:27.427+0000][13.989s] GC(6) Metaspace: 23044K->23044K(1071104K)
[2022-04-17T15:08:27.427+0000][13.990s] GC(6) Pause Young (Concurrent Start) (G1 Evacuation Pause) 57M->24M(512M) 23.803ms
[2022-04-17T15:08:27.428+0000][13.990s] GC(6) User=0.01s Sys=0.00s Real=0.02s
[2022-04-17T15:08:27.428+0000][13.991s] GC(7) Concurrent Cycle
[2022-04-17T15:08:27.429+0000][13.992s] GC(7) Concurrent Clear Claimed Marks
[2022-04-17T15:08:27.429+0000][13.992s] GC(7) Concurrent Clear Claimed Marks 0.533ms
[2022-04-17T15:08:27.430+0000][13.993s] GC(7) Concurrent Scan Root Regions
[2022-04-17T15:08:27.432+0000][13.995s] GC(7) Concurrent Scan Root Regions 2.383ms
[2022-04-17T15:08:27.433+0000][13.996s] GC(7) Concurrent Mark (13.996s)
[2022-04-17T15:08:27.434+0000][13.996s] GC(7) Concurrent Mark From Roots
[2022-04-17T15:08:27.434+0000][13.997s] GC(7) Using 1 workers of 1 for marking
[2022-04-17T15:08:27.612+0000][14.174s] GC(7) Concurrent Mark From Roots 177.865ms
[2022-04-17T15:08:27.612+0000][14.175s] GC(7) Concurrent Preclean
[2022-04-17T15:08:27.613+0000][14.176s] GC(7) Concurrent Preclean 0.936ms
[2022-04-17T15:08:27.614+0000][14.177s] GC(7) Concurrent Mark (13.996s, 14.176s) 180.655ms
[2022-04-17T15:08:27.615+0000][14.177s] GC(7) Pause Remark
[2022-04-17T15:08:27.630+0000][14.193s] GC(7) Cleaned string and symbol table, strings: 9652 processed, 0 removed, symbols: 67181 processed, 22 removed
[2022-04-17T15:08:27.631+0000][14.194s] GC(7) Pause Remark 27M->27M(512M) 16.804ms
[2022-04-17T15:08:27.632+0000][14.195s] GC(7) User=0.01s Sys=0.00s Real=0.02s
[2022-04-17T15:08:27.633+0000][14.195s] GC(7) Concurrent Rebuild Remembered Sets
[2022-04-17T15:08:27.778+0000][14.341s] GC(7) Concurrent Rebuild Remembered Sets 145.718ms
[2022-04-17T15:08:27.782+0000][14.344s] GC(7) Pause Cleanup
[2022-04-17T15:08:27.783+0000][14.346s] GC(7) Pause Cleanup 29M->29M(512M) 1.572ms
[2022-04-17T15:08:27.784+0000][14.347s] GC(7) User=0.00s Sys=0.00s Real=0.00s
[2022-04-17T15:08:27.784+0000][14.347s] GC(7) Concurrent Cleanup for Next Mark
[2022-04-17T15:08:27.787+0000][14.349s] GC(7) Concurrent Cleanup for Next Mark 2.151ms
[2022-04-17T15:08:27.787+0000][14.350s] GC(7) Concurrent Cycle 358.845ms
[2022-04-17T15:08:34.577+0000][21.140s] GC(8) Pause Young (Normal) (G1 Evacuation Pause)
[2022-04-17T15:08:34.578+0000][21.141s] GC(8) Using 2 workers of 2 for evacuation
[2022-04-17T15:08:34.653+0000][21.216s] GC(8)   Pre Evacuate Collection Set: 0.1ms
[2022-04-17T15:08:34.654+0000][21.217s] GC(8)   Evacuate Collection Set: 72.7ms
[2022-04-17T15:08:34.656+0000][21.218s] GC(8)   Post Evacuate Collection Set: 1.4ms
[2022-04-17T15:08:34.657+0000][21.220s] GC(8)   Other: 2.2ms
[2022-04-17T15:08:34.657+0000][21.220s] GC(8) Eden regions: 75->0(83)
[2022-04-17T15:08:34.658+0000][21.221s] GC(8) Survivor regions: 1->5(10)
[2022-04-17T15:08:34.659+0000][21.221s] GC(8) Old regions: 21->21
[2022-04-17T15:08:34.659+0000][21.222s] GC(8) Humongous regions: 4->4
[2022-04-17T15:08:34.660+0000][21.223s] GC(8) Metaspace: 31672K->31672K(1077248K)
[2022-04-17T15:08:34.661+0000][21.223s] GC(8) Pause Young (Normal) (G1 Evacuation Pause) 99M->28M(512M) 83.481ms
[2022-04-17T15:08:34.661+0000][21.224s] GC(8) User=0.03s Sys=0.01s Real=0.09s
[2022-04-17T15:08:38.352+0000][24.915s] GC(9) Pause Young (Normal) (G1 Evacuation Pause)
[2022-04-17T15:08:38.358+0000][24.921s] GC(9) Using 2 workers of 2 for evacuation
[2022-04-17T15:08:38.399+0000][24.961s] GC(9)   Pre Evacuate Collection Set: 0.1ms
[2022-04-17T15:08:38.400+0000][24.962s] GC(9)   Evacuate Collection Set: 39.4ms
[2022-04-17T15:08:38.400+0000][24.963s] GC(9)   Post Evacuate Collection Set: 0.5ms
[2022-04-17T15:08:38.401+0000][24.964s] GC(9)   Other: 6.8ms
[2022-04-17T15:08:38.402+0000][24.965s] GC(9) Eden regions: 83->0(94)
[2022-04-17T15:08:38.403+0000][24.965s] GC(9) Survivor regions: 5->6(11)
[2022-04-17T15:08:38.403+0000][24.966s] GC(9) Old regions: 21->21
[2022-04-17T15:08:38.404+0000][24.966s] GC(9) Humongous regions: 4->4
[2022-04-17T15:08:38.405+0000][24.967s] GC(9) Metaspace: 34222K->34222K(1081344K)
[2022-04-17T15:08:38.406+0000][24.969s] GC(9) Pause Young (Normal) (G1 Evacuation Pause) 111M->29M(512M) 54.175ms
[2022-04-17T15:08:38.407+0000][24.970s] GC(9) User=0.03s Sys=0.01s Real=0.05s
[2022-04-17T15:08:39.673+0000][26.236s] GC(10) Pause Young (Normal) (G1 Evacuation Pause)
[2022-04-17T15:08:39.678+0000][26.241s] GC(10) Using 2 workers of 2 for evacuation
[2022-04-17T15:08:39.724+0000][26.287s] GC(10)   Pre Evacuate Collection Set: 0.0ms
[2022-04-17T15:08:39.725+0000][26.287s] GC(10)   Evacuate Collection Set: 45.0ms
[2022-04-17T15:08:39.725+0000][26.288s] GC(10)   Post Evacuate Collection Set: 0.3ms
[2022-04-17T15:08:39.726+0000][26.288s] GC(10)   Other: 5.7ms
[2022-04-17T15:08:39.726+0000][26.289s] GC(10) Eden regions: 94->0(109)
[2022-04-17T15:08:39.727+0000][26.289s] GC(10) Survivor regions: 6->8(13)
[2022-04-17T15:08:39.727+0000][26.290s] GC(10) Old regions: 21->21
[2022-04-17T15:08:39.728+0000][26.290s] GC(10) Humongous regions: 5->4
[2022-04-17T15:08:39.728+0000][26.291s] GC(10) Metaspace: 35219K->35219K(1081344K)
[2022-04-17T15:08:39.729+0000][26.291s] GC(10) Pause Young (Normal) (G1 Evacuation Pause) 124M->31M(512M) 55.477ms
[2022-04-17T15:08:39.729+0000][26.292s] GC(10) User=0.05s Sys=0.00s Real=0.06s
[2022-04-17T15:08:43.742+0000][30.305s] GC(11) Pause Young (Concurrent Start) (Metadata GC Threshold)
[2022-04-17T15:08:43.743+0000][30.306s] GC(11) Using 2 workers of 2 for evacuation
[2022-04-17T15:08:43.828+0000][30.391s] GC(11)   Pre Evacuate Collection Set: 0.1ms
[2022-04-17T15:08:43.830+0000][30.392s] GC(11)   Evacuate Collection Set: 83.9ms
[2022-04-17T15:08:43.843+0000][30.406s] GC(11)   Post Evacuate Collection Set: 0.3ms
[2022-04-17T15:08:43.847+0000][30.409s] GC(11)   Other: 1.7ms
[2022-04-17T15:08:43.851+0000][30.414s] GC(11) Eden regions: 71->0(105)
[2022-04-17T15:08:43.853+0000][30.415s] GC(11) Survivor regions: 8->8(15)
[2022-04-17T15:08:43.856+0000][30.418s] GC(11) Old regions: 21->21
[2022-04-17T15:08:43.856+0000][30.419s] GC(11) Humongous regions: 4->4
[2022-04-17T15:08:43.857+0000][30.420s] GC(11) Metaspace: 39445K->39445K(1085440K)
[2022-04-17T15:08:43.857+0000][30.420s] GC(11) Pause Young (Concurrent Start) (Metadata GC Threshold) 102M->31M(512M) 115.077ms
[2022-04-17T15:08:43.858+0000][30.421s] GC(11) User=0.04s Sys=0.00s Real=0.12s
[2022-04-17T15:08:43.861+0000][30.424s] GC(12) Concurrent Cycle
[2022-04-17T15:08:43.862+0000][30.424s] GC(12) Concurrent Clear Claimed Marks
[2022-04-17T15:08:43.863+0000][30.425s] GC(12) Concurrent Clear Claimed Marks 0.876ms
[2022-04-17T15:08:43.866+0000][30.428s] GC(12) Concurrent Scan Root Regions
[2022-04-17T15:08:43.896+0000][30.459s] GC(12) Concurrent Scan Root Regions 30.500ms
[2022-04-17T15:08:43.897+0000][30.460s] GC(12) Concurrent Mark (30.460s)
[2022-04-17T15:08:43.898+0000][30.461s] GC(12) Concurrent Mark From Roots
[2022-04-17T15:08:43.898+0000][30.461s] GC(12) Using 1 workers of 1 for marking
[2022-04-17T15:08:44.043+0000][30.606s] GC(12) Concurrent Mark From Roots 145.002ms
[2022-04-17T15:08:44.044+0000][30.606s] GC(12) Concurrent Preclean
[2022-04-17T15:08:44.044+0000][30.607s] GC(12) Concurrent Preclean 0.722ms
[2022-04-17T15:08:44.045+0000][30.607s] GC(12) Concurrent Mark (30.460s, 30.607s) 147.359ms
[2022-04-17T15:08:44.045+0000][30.608s] GC(12) Pause Remark
[2022-04-17T15:08:44.061+0000][30.624s] GC(12) Cleaned string and symbol table, strings: 19316 processed, 0 removed, symbols: 115539 processed, 263 removed
[2022-04-17T15:08:44.064+0000][30.627s] GC(12) Pause Remark 38M->38M(512M) 18.506ms
[2022-04-17T15:08:44.068+0000][30.631s] GC(12) User=0.02s Sys=0.00s Real=0.03s
[2022-04-17T15:08:44.071+0000][30.633s] GC(12) Concurrent Rebuild Remembered Sets
[2022-04-17T15:08:44.158+0000][30.720s] GC(12) Concurrent Rebuild Remembered Sets 86.982ms
[2022-04-17T15:08:44.160+0000][30.722s] GC(12) Pause Cleanup
[2022-04-17T15:08:44.161+0000][30.724s] GC(12) Pause Cleanup 41M->41M(512M) 1.125ms
[2022-04-17T15:08:44.161+0000][30.724s] GC(12) User=0.00s Sys=0.00s Real=0.00s
[2022-04-17T15:08:44.162+0000][30.725s] GC(12) Concurrent Cleanup for Next Mark
[2022-04-17T15:08:44.172+0000][30.735s] GC(12) Concurrent Cleanup for Next Mark 10.418ms
[2022-04-17T15:08:44.173+0000][30.736s] GC(12) Concurrent Cycle 312.271ms
