[2022-08-08T06:57:39.893+0000][0.274s] Heap region size: 1M
[2022-08-08T06:57:40.080+0000][0.461s] Using G1
[2022-08-08T06:57:40.081+0000][0.462s] Heap address: 0x00000000e0000000, size: 512 MB, Compressed Oops mode: 32-bit
[2022-08-08T06:57:40.085+0000][0.466s] Mark closed archive regions in map: [0x00000000ffe00000, 0x00000000ffe65ff8]
[2022-08-08T06:57:40.089+0000][0.470s] Mark open archive regions in map: [0x00000000ffc00000, 0x00000000ffc42ff8]
[2022-08-08T06:57:49.809+0000][10.190s] GC(0) Pause Young (Normal) (G1 Evacuation Pause)
[2022-08-08T06:57:49.811+0000][10.192s] GC(0) Using 2 workers of 2 for evacuation
[2022-08-08T06:57:49.935+0000][10.316s] GC(0)   Pre Evacuate Collection Set: 0.1ms
[2022-08-08T06:57:49.936+0000][10.317s] GC(0)   Evacuate Collection Set: 111.5ms
[2022-08-08T06:57:49.940+0000][10.321s] GC(0)   Post Evacuate Collection Set: 10.7ms
[2022-08-08T06:57:49.941+0000][10.322s] GC(0)   Other: 3.9ms
[2022-08-08T06:57:49.941+0000][10.322s] GC(0) Eden regions: 25->0(22)
[2022-08-08T06:57:49.943+0000][10.324s] GC(0) Survivor regions: 0->3(4)
[2022-08-08T06:57:49.944+0000][10.325s] GC(0) Old regions: 2->2
[2022-08-08T06:57:49.945+0000][10.326s] GC(0) Humongous regions: 0->0
[2022-08-08T06:57:49.946+0000][10.327s] GC(0) Metaspace: 6697K->6697K(1056768K)
[2022-08-08T06:57:49.947+0000][10.328s] GC(0) Pause Young (Normal) (G1 Evacuation Pause) 25M->3M(512M) 138.073ms
[2022-08-08T06:57:49.948+0000][10.329s] GC(0) User=0.06s Sys=0.01s Real=0.14s
[2022-08-08T06:57:59.390+0000][19.769s] GC(1) Pause Young (Normal) (G1 Evacuation Pause)
[2022-08-08T06:57:59.392+0000][19.771s] GC(1) Using 2 workers of 2 for evacuation
[2022-08-08T06:57:59.730+0000][20.109s] GC(1) MMU target violated: 251.0ms (250.0ms/251.0ms)
[2022-08-08T06:57:59.732+0000][20.111s] GC(1)   Pre Evacuate Collection Set: 0.1ms
[2022-08-08T06:57:59.733+0000][20.112s] GC(1)   Evacuate Collection Set: 287.3ms
[2022-08-08T06:57:59.733+0000][20.113s] GC(1)   Post Evacuate Collection Set: 48.9ms
[2022-08-08T06:57:59.735+0000][20.114s] GC(1)   Other: 5.7ms
[2022-08-08T06:57:59.736+0000][20.115s] GC(1) Eden regions: 22->0(21)
[2022-08-08T06:57:59.737+0000][20.117s] GC(1) Survivor regions: 3->4(4)
[2022-08-08T06:57:59.739+0000][20.119s] GC(1) Old regions: 2->10
[2022-08-08T06:57:59.740+0000][20.120s] GC(1) Humongous regions: 4->4
[2022-08-08T06:57:59.741+0000][20.121s] GC(1) Metaspace: 12697K->12697K(1060864K)
[2022-08-08T06:57:59.743+0000][20.122s] GC(1) Pause Young (Normal) (G1 Evacuation Pause) 29M->15M(512M) 352.826ms
[2022-08-08T06:57:59.745+0000][20.124s] GC(1) User=0.13s Sys=0.02s Real=0.35s
[2022-08-08T06:58:04.564+0000][24.943s] GC(2) Pause Young (Normal) (G1 Evacuation Pause)
[2022-08-08T06:58:04.566+0000][24.945s] GC(2) Using 2 workers of 2 for evacuation
[2022-08-08T06:58:04.645+0000][25.025s] GC(2)   Pre Evacuate Collection Set: 0.0ms
[2022-08-08T06:58:04.647+0000][25.027s] GC(2)   Evacuate Collection Set: 77.5ms
[2022-08-08T06:58:04.648+0000][25.028s] GC(2)   Post Evacuate Collection Set: 0.3ms
[2022-08-08T06:58:04.649+0000][25.029s] GC(2)   Other: 3.3ms
[2022-08-08T06:58:04.650+0000][25.030s] GC(2) Eden regions: 21->0(21)
[2022-08-08T06:58:04.652+0000][25.032s] GC(2) Survivor regions: 4->4(4)
[2022-08-08T06:58:04.655+0000][25.034s] GC(2) Old regions: 10->14
[2022-08-08T06:58:04.656+0000][25.035s] GC(2) Humongous regions: 4->4
[2022-08-08T06:58:04.657+0000][25.037s] GC(2) Metaspace: 15227K->15227K(1062912K)
[2022-08-08T06:58:04.659+0000][25.039s] GC(2) Pause Young (Normal) (G1 Evacuation Pause) 36M->20M(512M) 95.041ms
[2022-08-08T06:58:04.660+0000][25.040s] GC(2) User=0.04s Sys=0.00s Real=0.10s
[2022-08-08T06:58:10.403+0000][30.783s] GC(3) Pause Young (Normal) (G1 Evacuation Pause)
[2022-08-08T06:58:10.405+0000][30.785s] GC(3) Using 2 workers of 2 for evacuation
[2022-08-08T06:58:10.496+0000][30.876s] GC(3)   Pre Evacuate Collection Set: 0.0ms
[2022-08-08T06:58:10.498+0000][30.878s] GC(3)   Evacuate Collection Set: 77.4ms
[2022-08-08T06:58:10.499+0000][30.879s] GC(3)   Post Evacuate Collection Set: 11.4ms
[2022-08-08T06:58:10.500+0000][30.880s] GC(3)   Other: 3.9ms
[2022-08-08T06:58:10.502+0000][30.882s] GC(3) Eden regions: 21->0(22)
[2022-08-08T06:58:10.505+0000][30.885s] GC(3) Survivor regions: 4->3(4)
[2022-08-08T06:58:10.506+0000][30.886s] GC(3) Old regions: 14->19
[2022-08-08T06:58:10.507+0000][30.887s] GC(3) Humongous regions: 4->4
[2022-08-08T06:58:10.508+0000][30.888s] GC(3) Metaspace: 18115K->18115K(1064960K)
[2022-08-08T06:58:10.509+0000][30.889s] GC(3) Pause Young (Normal) (G1 Evacuation Pause) 41M->24M(512M) 105.636ms
[2022-08-08T06:58:10.511+0000][30.891s] GC(3) User=0.04s Sys=0.01s Real=0.11s
[2022-08-08T06:58:12.710+0000][33.089s] GC(4) Pause Young (Concurrent Start) (Metadata GC Threshold)
[2022-08-08T06:58:12.712+0000][33.091s] GC(4) Using 2 workers of 2 for evacuation
[2022-08-08T06:58:12.797+0000][33.176s] GC(4)   Pre Evacuate Collection Set: 0.7ms
[2022-08-08T06:58:12.800+0000][33.180s] GC(4)   Evacuate Collection Set: 79.2ms
[2022-08-08T06:58:12.801+0000][33.181s] GC(4)   Post Evacuate Collection Set: 2.1ms
[2022-08-08T06:58:12.802+0000][33.182s] GC(4)   Other: 4.9ms
[2022-08-08T06:58:12.804+0000][33.183s] GC(4) Eden regions: 22->0(28)
[2022-08-08T06:58:12.806+0000][33.186s] GC(4) Survivor regions: 3->1(4)
[2022-08-08T06:58:12.807+0000][33.187s] GC(4) Old regions: 19->22
[2022-08-08T06:58:12.808+0000][33.188s] GC(4) Humongous regions: 4->4
[2022-08-08T06:58:12.809+0000][33.189s] GC(4) Metaspace: 20446K->20446K(1069056K)
[2022-08-08T06:58:12.810+0000][33.190s] GC(4) Pause Young (Concurrent Start) (Metadata GC Threshold) 45M->24M(512M) 100.091ms
[2022-08-08T06:58:12.811+0000][33.191s] GC(4) User=0.04s Sys=0.00s Real=0.10s
[2022-08-08T06:58:12.812+0000][33.192s] GC(5) Concurrent Cycle
[2022-08-08T06:58:12.814+0000][33.194s] GC(5) Concurrent Clear Claimed Marks
[2022-08-08T06:58:12.816+0000][33.195s] GC(5) Concurrent Clear Claimed Marks 1.226ms
[2022-08-08T06:58:12.816+0000][33.196s] GC(5) Concurrent Scan Root Regions
[2022-08-08T06:58:12.834+0000][33.213s] GC(5) Concurrent Scan Root Regions 17.448ms
[2022-08-08T06:58:12.838+0000][33.217s] GC(5) Concurrent Mark (33.217s)
[2022-08-08T06:58:12.839+0000][33.218s] GC(5) Concurrent Mark From Roots
[2022-08-08T06:58:12.839+0000][33.219s] GC(5) Using 1 workers of 1 for marking
[2022-08-08T06:58:13.306+0000][33.686s] GC(5) Concurrent Mark From Roots 467.801ms
[2022-08-08T06:58:13.310+0000][33.689s] GC(5) Concurrent Preclean
[2022-08-08T06:58:13.313+0000][33.693s] GC(5) Concurrent Preclean 3.524ms
[2022-08-08T06:58:13.315+0000][33.694s] GC(5) Concurrent Mark (33.217s, 33.694s) 477.031ms
[2022-08-08T06:58:13.334+0000][33.713s] GC(5) Pause Remark
[2022-08-08T06:58:13.388+0000][33.767s] GC(5) Cleaned string and symbol table, strings: 8836 processed, 25 removed, symbols: 61155 processed, 38 removed
[2022-08-08T06:58:13.389+0000][33.769s] GC(5) Pause Remark 26M->26M(512M) 55.600ms
[2022-08-08T06:58:13.401+0000][33.780s] GC(5) User=0.02s Sys=0.00s Real=0.07s
[2022-08-08T06:58:13.404+0000][33.784s] GC(5) Concurrent Rebuild Remembered Sets
[2022-08-08T06:58:13.661+0000][34.040s] GC(5) Concurrent Rebuild Remembered Sets 256.315ms
[2022-08-08T06:58:13.666+0000][34.046s] GC(5) Pause Cleanup
[2022-08-08T06:58:13.668+0000][34.048s] GC(5) Pause Cleanup 27M->27M(512M) 1.666ms
[2022-08-08T06:58:13.670+0000][34.049s] GC(5) User=0.01s Sys=0.00s Real=0.00s
[2022-08-08T06:58:13.673+0000][34.053s] GC(5) Concurrent Cleanup for Next Mark
[2022-08-08T06:58:13.689+0000][34.068s] GC(5) Concurrent Cleanup for Next Mark 15.656ms
[2022-08-08T06:58:13.691+0000][34.070s] GC(5) Concurrent Cycle 878.471ms
[2022-08-08T06:58:20.201+0000][40.581s] GC(6) Pause Young (Concurrent Start) (G1 Evacuation Pause)
[2022-08-08T06:58:20.203+0000][40.582s] GC(6) Using 2 workers of 2 for evacuation
[2022-08-08T06:58:20.238+0000][40.617s] GC(6)   Pre Evacuate Collection Set: 0.1ms
[2022-08-08T06:58:20.240+0000][40.619s] GC(6)   Evacuate Collection Set: 21.8ms
[2022-08-08T06:58:20.241+0000][40.620s] GC(6)   Post Evacuate Collection Set: 11.3ms
[2022-08-08T06:58:20.242+0000][40.622s] GC(6)   Other: 3.3ms
[2022-08-08T06:58:20.243+0000][40.623s] GC(6) Eden regions: 28->0(36)
[2022-08-08T06:58:20.245+0000][40.625s] GC(6) Survivor regions: 1->1(4)
[2022-08-08T06:58:20.246+0000][40.626s] GC(6) Old regions: 22->22
[2022-08-08T06:58:20.247+0000][40.627s] GC(6) Humongous regions: 4->4
[2022-08-08T06:58:20.248+0000][40.627s] GC(6) Metaspace: 22495K->22495K(1069056K)
[2022-08-08T06:58:20.249+0000][40.628s] GC(6) Pause Young (Concurrent Start) (G1 Evacuation Pause) 52M->24M(512M) 47.433ms
[2022-08-08T06:58:20.250+0000][40.630s] GC(6) User=0.03s Sys=0.01s Real=0.05s
[2022-08-08T06:58:20.251+0000][40.630s] GC(7) Concurrent Cycle
[2022-08-08T06:58:20.252+0000][40.631s] GC(7) Concurrent Clear Claimed Marks
[2022-08-08T06:58:20.253+0000][40.632s] GC(7) Concurrent Clear Claimed Marks 1.112ms
[2022-08-08T06:58:20.254+0000][40.634s] GC(7) Concurrent Scan Root Regions
[2022-08-08T06:58:20.271+0000][40.650s] GC(7) Concurrent Scan Root Regions 16.284ms
[2022-08-08T06:58:20.272+0000][40.652s] GC(7) Concurrent Mark (40.652s)
[2022-08-08T06:58:20.274+0000][40.653s] GC(7) Concurrent Mark From Roots
[2022-08-08T06:58:20.275+0000][40.655s] GC(7) Using 1 workers of 1 for marking
[2022-08-08T06:58:20.675+0000][41.054s] GC(7) Concurrent Mark From Roots 400.848ms
[2022-08-08T06:58:20.679+0000][41.059s] GC(7) Concurrent Preclean
[2022-08-08T06:58:20.682+0000][41.062s] GC(7) Concurrent Preclean 2.479ms
[2022-08-08T06:58:20.683+0000][41.063s] GC(7) Concurrent Mark (40.652s, 41.063s) 410.921ms
[2022-08-08T06:58:20.688+0000][41.068s] GC(7) Pause Remark
[2022-08-08T06:58:20.742+0000][41.122s] GC(7) Cleaned string and symbol table, strings: 9281 processed, 0 removed, symbols: 65513 processed, 5 removed
[2022-08-08T06:58:20.744+0000][41.124s] GC(7) Pause Remark 26M->26M(512M) 55.832ms
[2022-08-08T06:58:20.746+0000][41.125s] GC(7) User=0.01s Sys=0.00s Real=0.06s
[2022-08-08T06:58:20.752+0000][41.131s] GC(7) Concurrent Rebuild Remembered Sets
[2022-08-08T06:58:20.998+0000][41.377s] GC(7) Concurrent Rebuild Remembered Sets 246.084ms
[2022-08-08T06:58:21.009+0000][41.388s] GC(7) Pause Cleanup
[2022-08-08T06:58:21.010+0000][41.390s] GC(7) Pause Cleanup 27M->27M(512M) 1.600ms
[2022-08-08T06:58:21.012+0000][41.391s] GC(7) User=0.01s Sys=0.00s Real=0.00s
[2022-08-08T06:58:21.016+0000][41.395s] GC(7) Concurrent Cleanup for Next Mark
[2022-08-08T06:58:21.024+0000][41.404s] GC(7) Concurrent Cleanup for Next Mark 8.391ms
[2022-08-08T06:58:21.026+0000][41.405s] GC(7) Concurrent Cycle 775.050ms
[2022-08-08T06:58:27.643+0000][48.025s] GC(8) Pause Young (Normal) (G1 Evacuation Pause)
[2022-08-08T06:58:27.645+0000][48.027s] GC(8) Using 2 workers of 2 for evacuation
[2022-08-08T06:58:27.796+0000][48.178s] GC(8)   Pre Evacuate Collection Set: 0.1ms
[2022-08-08T06:58:27.797+0000][48.179s] GC(8)   Evacuate Collection Set: 148.8ms
[2022-08-08T06:58:27.799+0000][48.181s] GC(8)   Post Evacuate Collection Set: 0.8ms
[2022-08-08T06:58:27.800+0000][48.183s] GC(8)   Other: 3.3ms
[2022-08-08T06:58:27.802+0000][48.184s] GC(8) Eden regions: 36->0(37)
[2022-08-08T06:58:27.803+0000][48.185s] GC(8) Survivor regions: 1->4(5)
[2022-08-08T06:58:27.804+0000][48.186s] GC(8) Old regions: 22->22
[2022-08-08T06:58:27.806+0000][48.188s] GC(8) Humongous regions: 4->4
[2022-08-08T06:58:27.807+0000][48.190s] GC(8) Metaspace: 28338K->28338K(1075200K)
[2022-08-08T06:58:27.809+0000][48.191s] GC(8) Pause Young (Normal) (G1 Evacuation Pause) 60M->27M(512M) 166.093ms
[2022-08-08T06:58:27.811+0000][48.193s] GC(8) User=0.07s Sys=0.01s Real=0.17s
[2022-08-08T06:58:35.466+0000][55.848s] GC(9) Pause Young (Normal) (G1 Evacuation Pause)
[2022-08-08T06:58:35.467+0000][55.849s] GC(9) Using 2 workers of 2 for evacuation
[2022-08-08T06:58:35.595+0000][55.977s] GC(9)   Pre Evacuate Collection Set: 0.1ms
[2022-08-08T06:58:35.597+0000][55.979s] GC(9)   Evacuate Collection Set: 124.4ms
[2022-08-08T06:58:35.599+0000][55.981s] GC(9)   Post Evacuate Collection Set: 0.7ms
[2022-08-08T06:58:35.606+0000][55.988s] GC(9)   Other: 4.2ms
[2022-08-08T06:58:35.614+0000][55.997s] GC(9) Eden regions: 37->0(40)
[2022-08-08T06:58:35.616+0000][55.998s] GC(9) Survivor regions: 4->5(6)
[2022-08-08T06:58:35.618+0000][56.000s] GC(9) Old regions: 22->22
[2022-08-08T06:58:35.622+0000][56.005s] GC(9) Humongous regions: 4->4
[2022-08-08T06:58:35.624+0000][56.006s] GC(9) Metaspace: 31489K->31489K(1077248K)
[2022-08-08T06:58:35.625+0000][56.008s] GC(9) Pause Young (Normal) (G1 Evacuation Pause) 64M->28M(512M) 159.879ms
[2022-08-08T06:58:35.628+0000][56.010s] GC(9) User=0.06s Sys=0.01s Real=0.16s
[2022-08-08T06:58:39.811+0000][60.193s] GC(10) Pause Young (Normal) (G1 Evacuation Pause)
[2022-08-08T06:58:39.812+0000][60.194s] GC(10) Using 2 workers of 2 for evacuation
[2022-08-08T06:58:39.887+0000][60.270s] GC(10)   Pre Evacuate Collection Set: 0.0ms
[2022-08-08T06:58:39.889+0000][60.271s] GC(10)   Evacuate Collection Set: 74.2ms
[2022-08-08T06:58:39.890+0000][60.272s] GC(10)   Post Evacuate Collection Set: 0.3ms
[2022-08-08T06:58:39.891+0000][60.273s] GC(10)   Other: 2.3ms
[2022-08-08T06:58:39.891+0000][60.274s] GC(10) Eden regions: 40->0(50)
[2022-08-08T06:58:39.892+0000][60.274s] GC(10) Survivor regions: 5->3(6)
[2022-08-08T06:58:39.893+0000][60.275s] GC(10) Old regions: 22->25
[2022-08-08T06:58:39.894+0000][60.276s] GC(10) Humongous regions: 4->4
[2022-08-08T06:58:39.895+0000][60.277s] GC(10) Metaspace: 32755K->32755K(1079296K)
[2022-08-08T06:58:39.896+0000][60.278s] GC(10) Pause Young (Normal) (G1 Evacuation Pause) 68M->29M(512M) 85.096ms
[2022-08-08T06:58:39.897+0000][60.279s] GC(10) User=0.05s Sys=0.00s Real=0.09s
[2022-08-08T06:58:42.291+0000][62.674s] GC(11) Pause Young (Normal) (G1 Evacuation Pause)
[2022-08-08T06:58:42.293+0000][62.675s] GC(11) Using 2 workers of 2 for evacuation
[2022-08-08T06:58:42.343+0000][62.725s] GC(11)   Pre Evacuate Collection Set: 0.0ms
[2022-08-08T06:58:42.345+0000][62.727s] GC(11)   Evacuate Collection Set: 45.2ms
[2022-08-08T06:58:42.346+0000][62.728s] GC(11)   Post Evacuate Collection Set: 0.5ms
[2022-08-08T06:58:42.347+0000][62.729s] GC(11)   Other: 6.0ms
[2022-08-08T06:58:42.348+0000][62.730s] GC(11) Eden regions: 50->0(304)
[2022-08-08T06:58:42.349+0000][62.731s] GC(11) Survivor regions: 3->3(7)
[2022-08-08T06:58:42.350+0000][62.732s] GC(11) Old regions: 25->25
[2022-08-08T06:58:42.351+0000][62.733s] GC(11) Humongous regions: 4->4
[2022-08-08T06:58:42.354+0000][62.736s] GC(11) Metaspace: 34108K->34108K(1079296K)
[2022-08-08T06:58:42.356+0000][62.738s] GC(11) Pause Young (Normal) (G1 Evacuation Pause) 79M->30M(512M) 64.192ms
[2022-08-08T06:58:42.357+0000][62.739s] GC(11) User=0.01s Sys=0.00s Real=0.07s
[2022-08-08T06:58:54.773+0000][75.155s] GC(12) Pause Young (Concurrent Start) (Metadata GC Threshold)
[2022-08-08T06:58:54.775+0000][75.157s] GC(12) Using 2 workers of 2 for evacuation
[2022-08-08T06:58:54.898+0000][75.280s] GC(12)   Pre Evacuate Collection Set: 0.4ms
[2022-08-08T06:58:54.899+0000][75.282s] GC(12)   Evacuate Collection Set: 119.0ms
[2022-08-08T06:58:54.900+0000][75.283s] GC(12)   Post Evacuate Collection Set: 0.8ms
[2022-08-08T06:58:54.902+0000][75.284s] GC(12)   Other: 4.5ms
[2022-08-08T06:58:54.903+0000][75.285s] GC(12) Eden regions: 160->0(161)
[2022-08-08T06:58:54.903+0000][75.286s] GC(12) Survivor regions: 3->5(39)
[2022-08-08T06:58:54.904+0000][75.287s] GC(12) Old regions: 25->25
[2022-08-08T06:58:54.905+0000][75.288s] GC(12) Humongous regions: 5->4
[2022-08-08T06:58:54.906+0000][75.289s] GC(12) Metaspace: 38761K->38761K(1083392K)
[2022-08-08T06:58:54.907+0000][75.289s] GC(12) Pause Young (Concurrent Start) (Metadata GC Threshold) 190M->31M(512M) 134.045ms
[2022-08-08T06:58:54.909+0000][75.292s] GC(12) User=0.05s Sys=0.00s Real=0.13s
[2022-08-08T06:58:54.911+0000][75.293s] GC(13) Concurrent Cycle
[2022-08-08T06:58:54.912+0000][75.295s] GC(13) Concurrent Clear Claimed Marks
[2022-08-08T06:58:54.914+0000][75.296s] GC(13) Concurrent Clear Claimed Marks 1.236ms
[2022-08-08T06:58:54.915+0000][75.297s] GC(13) Concurrent Scan Root Regions
[2022-08-08T06:58:54.962+0000][75.344s] GC(13) Concurrent Scan Root Regions 47.366ms
[2022-08-08T06:58:54.963+0000][75.345s] GC(13) Concurrent Mark (75.345s)
[2022-08-08T06:58:54.964+0000][75.346s] GC(13) Concurrent Mark From Roots
[2022-08-08T06:58:54.965+0000][75.348s] GC(13) Using 1 workers of 1 for marking
[2022-08-08T06:58:55.536+0000][75.919s] GC(13) Concurrent Mark From Roots 572.413ms
[2022-08-08T06:58:55.538+0000][75.920s] GC(13) Concurrent Preclean
[2022-08-08T06:58:55.540+0000][75.922s] GC(13) Concurrent Preclean 1.781ms
[2022-08-08T06:58:55.542+0000][75.924s] GC(13) Concurrent Mark (75.345s, 75.924s) 578.688ms
[2022-08-08T06:58:55.544+0000][75.927s] GC(13) Pause Remark
[2022-08-08T06:58:55.627+0000][76.009s] GC(13) Cleaned string and symbol table, strings: 19067 processed, 11 removed, symbols: 114741 processed, 185 removed
[2022-08-08T06:58:55.629+0000][76.011s] GC(13) Pause Remark 35M->35M(512M) 84.311ms
[2022-08-08T06:58:55.630+0000][76.012s] GC(13) User=0.04s Sys=0.00s Real=0.08s
[2022-08-08T06:58:55.632+0000][76.014s] GC(13) Concurrent Rebuild Remembered Sets
[2022-08-08T06:58:55.939+0000][76.321s] GC(13) Concurrent Rebuild Remembered Sets 307.045ms
[2022-08-08T06:58:55.943+0000][76.325s] GC(13) Pause Cleanup
[2022-08-08T06:58:55.945+0000][76.327s] GC(13) Pause Cleanup 39M->39M(512M) 1.729ms
[2022-08-08T06:58:55.946+0000][76.328s] GC(13) User=0.00s Sys=0.00s Real=0.00s
[2022-08-08T06:58:55.947+0000][76.330s] GC(13) Concurrent Cleanup for Next Mark
[2022-08-08T06:58:55.957+0000][76.339s] GC(13) Concurrent Cleanup for Next Mark 9.700ms
[2022-08-08T06:58:55.958+0000][76.341s] GC(13) Concurrent Cycle 1047.085ms
