[2022-08-08T08:02:18.973+0000][0.284s] Heap region size: 1M
[2022-08-08T08:02:19.216+0000][0.526s] Using G1
[2022-08-08T08:02:19.232+0000][0.543s] Heap address: 0x00000000e0000000, size: 512 MB, Compressed Oops mode: 32-bit
[2022-08-08T08:02:19.249+0000][0.559s] Mark closed archive regions in map: [0x00000000ffe00000, 0x00000000ffe65ff8]
[2022-08-08T08:02:19.264+0000][0.575s] Mark open archive regions in map: [0x00000000ffc00000, 0x00000000ffc42ff8]
[2022-08-08T08:02:36.453+0000][17.751s] GC(0) Pause Young (Normal) (G1 Evacuation Pause)
[2022-08-08T08:02:36.476+0000][17.774s] GC(0) Using 2 workers of 2 for evacuation
[2022-08-08T08:02:36.889+0000][18.188s] GC(0) MMU target violated: 251.0ms (250.0ms/251.0ms)
[2022-08-08T08:02:36.985+0000][18.283s] GC(0)   Pre Evacuate Collection Set: 0.0ms
[2022-08-08T08:02:37.083+0000][18.381s] GC(0)   Evacuate Collection Set: 393.3ms
[2022-08-08T08:02:37.115+0000][18.413s] GC(0)   Post Evacuate Collection Set: 13.9ms
[2022-08-08T08:02:37.147+0000][18.445s] GC(0)   Other: 125.1ms
[2022-08-08T08:02:37.206+0000][18.504s] GC(0) Eden regions: 25->0(22)
[2022-08-08T08:02:37.222+0000][18.520s] GC(0) Survivor regions: 0->3(4)
[2022-08-08T08:02:37.238+0000][18.536s] GC(0) Old regions: 2->2
[2022-08-08T08:02:37.286+0000][18.584s] GC(0) Humongous regions: 0->0
[2022-08-08T08:02:37.300+0000][18.598s] GC(0) Metaspace: 6727K->6727K(1056768K)
[2022-08-08T08:02:37.302+0000][18.600s] GC(0) Pause Young (Normal) (G1 Evacuation Pause) 25M->3M(512M) 848.671ms
[2022-08-08T08:02:37.303+0000][18.601s] GC(0) User=0.18s Sys=0.03s Real=0.85s
[2022-08-08T08:02:51.663+0000][32.961s] GC(1) Pause Young (Normal) (G1 Evacuation Pause)
[2022-08-08T08:02:51.677+0000][32.975s] GC(1) Using 2 workers of 2 for evacuation
[2022-08-08T08:02:52.022+0000][33.320s] GC(1) MMU target violated: 251.0ms (250.0ms/251.0ms)
[2022-08-08T08:02:52.023+0000][33.321s] GC(1)   Pre Evacuate Collection Set: 0.0ms
[2022-08-08T08:02:52.025+0000][33.323s] GC(1)   Evacuate Collection Set: 337.5ms
[2022-08-08T08:02:52.026+0000][33.324s] GC(1)   Post Evacuate Collection Set: 0.7ms
[2022-08-08T08:02:52.027+0000][33.325s] GC(1)   Other: 22.0ms
[2022-08-08T08:02:52.028+0000][33.326s] GC(1) Eden regions: 22->0(21)
[2022-08-08T08:02:52.031+0000][33.329s] GC(1) Survivor regions: 3->4(4)
[2022-08-08T08:02:52.032+0000][33.330s] GC(1) Old regions: 2->10
[2022-08-08T08:02:52.033+0000][33.331s] GC(1) Humongous regions: 4->4
[2022-08-08T08:02:52.035+0000][33.333s] GC(1) Metaspace: 12713K->12713K(1060864K)
[2022-08-08T08:02:52.037+0000][33.335s] GC(1) Pause Young (Normal) (G1 Evacuation Pause) 29M->15M(512M) 373.571ms
[2022-08-08T08:02:52.038+0000][33.337s] GC(1) User=0.16s Sys=0.01s Real=0.38s
[2022-08-08T08:02:56.174+0000][37.485s] GC(2) Pause Young (Normal) (G1 Evacuation Pause)
[2022-08-08T08:02:56.225+0000][37.536s] GC(2) Using 2 workers of 2 for evacuation
[2022-08-08T08:02:56.529+0000][37.839s] GC(2)   Pre Evacuate Collection Set: 0.0ms
[2022-08-08T08:02:56.561+0000][37.871s] GC(2)   Evacuate Collection Set: 230.7ms
[2022-08-08T08:02:56.565+0000][37.875s] GC(2)   Post Evacuate Collection Set: 13.0ms
[2022-08-08T08:02:56.569+0000][37.880s] GC(2)   Other: 110.5ms
[2022-08-08T08:02:56.582+0000][37.893s] GC(2) Eden regions: 21->0(21)
[2022-08-08T08:02:56.599+0000][37.909s] GC(2) Survivor regions: 4->4(4)
[2022-08-08T08:02:56.615+0000][37.925s] GC(2) Old regions: 10->14
[2022-08-08T08:02:56.619+0000][37.929s] GC(2) Humongous regions: 4->4
[2022-08-08T08:02:56.628+0000][37.938s] GC(2) Metaspace: 15187K->15187K(1062912K)
[2022-08-08T08:02:56.630+0000][37.941s] GC(2) Pause Young (Normal) (G1 Evacuation Pause) 36M->20M(512M) 455.626ms
[2022-08-08T08:02:56.631+0000][37.942s] GC(2) User=0.15s Sys=0.01s Real=0.45s
[2022-08-08T08:03:01.242+0000][42.552s] GC(3) Pause Young (Normal) (G1 Evacuation Pause)
[2022-08-08T08:03:01.244+0000][42.554s] GC(3) Using 2 workers of 2 for evacuation
[2022-08-08T08:03:01.322+0000][42.632s] GC(3)   Pre Evacuate Collection Set: 0.0ms
[2022-08-08T08:03:01.324+0000][42.635s] GC(3)   Evacuate Collection Set: 71.9ms
[2022-08-08T08:03:01.326+0000][42.636s] GC(3)   Post Evacuate Collection Set: 3.3ms
[2022-08-08T08:03:01.328+0000][42.639s] GC(3)   Other: 4.9ms
[2022-08-08T08:03:01.330+0000][42.640s] GC(3) Eden regions: 21->0(22)
[2022-08-08T08:03:01.331+0000][42.641s] GC(3) Survivor regions: 4->3(4)
[2022-08-08T08:03:01.332+0000][42.643s] GC(3) Old regions: 14->19
[2022-08-08T08:03:01.334+0000][42.645s] GC(3) Humongous regions: 4->4
[2022-08-08T08:03:01.336+0000][42.647s] GC(3) Metaspace: 18352K->18352K(1067008K)
[2022-08-08T08:03:01.338+0000][42.648s] GC(3) Pause Young (Normal) (G1 Evacuation Pause) 41M->24M(512M) 95.640ms
[2022-08-08T08:03:01.339+0000][42.649s] GC(3) User=0.03s Sys=0.00s Real=0.10s
[2022-08-08T08:03:02.868+0000][44.179s] GC(4) Pause Young (Concurrent Start) (Metadata GC Threshold)
[2022-08-08T08:03:02.870+0000][44.180s] GC(4) Using 2 workers of 2 for evacuation
[2022-08-08T08:03:02.914+0000][44.224s] GC(4)   Pre Evacuate Collection Set: 0.1ms
[2022-08-08T08:03:02.915+0000][44.225s] GC(4)   Evacuate Collection Set: 40.6ms
[2022-08-08T08:03:02.916+0000][44.226s] GC(4)   Post Evacuate Collection Set: 0.3ms
[2022-08-08T08:03:02.917+0000][44.228s] GC(4)   Other: 4.3ms
[2022-08-08T08:03:02.920+0000][44.231s] GC(4) Eden regions: 20->0(24)
[2022-08-08T08:03:02.922+0000][44.232s] GC(4) Survivor regions: 3->1(4)
[2022-08-08T08:03:02.923+0000][44.233s] GC(4) Old regions: 19->21
[2022-08-08T08:03:02.924+0000][44.234s] GC(4) Humongous regions: 4->4
[2022-08-08T08:03:02.925+0000][44.235s] GC(4) Metaspace: 20476K->20476K(1069056K)
[2022-08-08T08:03:02.926+0000][44.236s] GC(4) Pause Young (Concurrent Start) (Metadata GC Threshold) 44M->24M(512M) 57.140ms
[2022-08-08T08:03:02.928+0000][44.238s] GC(4) User=0.01s Sys=0.00s Real=0.06s
[2022-08-08T08:03:02.929+0000][44.239s] GC(5) Concurrent Cycle
[2022-08-08T08:03:02.930+0000][44.240s] GC(5) Concurrent Clear Claimed Marks
[2022-08-08T08:03:02.931+0000][44.242s] GC(5) Concurrent Clear Claimed Marks 1.663ms
[2022-08-08T08:03:02.932+0000][44.243s] GC(5) Concurrent Scan Root Regions
[2022-08-08T08:03:02.935+0000][44.246s] GC(5) Concurrent Scan Root Regions 3.038ms
[2022-08-08T08:03:02.937+0000][44.248s] GC(5) Concurrent Mark (44.248s)
[2022-08-08T08:03:02.940+0000][44.251s] GC(5) Concurrent Mark From Roots
[2022-08-08T08:03:02.941+0000][44.252s] GC(5) Using 1 workers of 1 for marking
[2022-08-08T08:03:03.418+0000][44.729s] GC(5) Concurrent Mark From Roots 478.015ms
[2022-08-08T08:03:03.420+0000][44.730s] GC(5) Concurrent Preclean
[2022-08-08T08:03:03.421+0000][44.731s] GC(5) Concurrent Preclean 0.997ms
[2022-08-08T08:03:03.429+0000][44.739s] GC(5) Concurrent Mark (44.248s, 44.739s) 491.160ms
[2022-08-08T08:03:03.430+0000][44.741s] GC(5) Pause Remark
[2022-08-08T08:03:03.469+0000][44.780s] GC(5) Cleaned string and symbol table, strings: 8872 processed, 25 removed, symbols: 61387 processed, 36 removed
[2022-08-08T08:03:03.476+0000][44.786s] GC(5) Pause Remark 27M->27M(512M) 45.609ms
[2022-08-08T08:03:03.478+0000][44.789s] GC(5) User=0.02s Sys=0.00s Real=0.05s
[2022-08-08T08:03:03.481+0000][44.791s] GC(5) Concurrent Rebuild Remembered Sets
[2022-08-08T08:03:03.679+0000][44.989s] GC(5) Concurrent Rebuild Remembered Sets 197.998ms
[2022-08-08T08:03:03.682+0000][44.992s] GC(5) Pause Cleanup
[2022-08-08T08:03:03.688+0000][44.998s] GC(5) Pause Cleanup 28M->28M(512M) 5.856ms
[2022-08-08T08:03:03.689+0000][44.999s] GC(5) User=0.00s Sys=0.00s Real=0.01s
[2022-08-08T08:03:03.691+0000][45.001s] GC(5) Concurrent Cleanup for Next Mark
[2022-08-08T08:03:03.702+0000][45.012s] GC(5) Concurrent Cleanup for Next Mark 10.711ms
[2022-08-08T08:03:03.703+0000][45.013s] GC(5) Concurrent Cycle 773.903ms
[2022-08-08T08:03:10.790+0000][52.100s] GC(6) Pause Young (Concurrent Start) (G1 Evacuation Pause)
[2022-08-08T08:03:10.791+0000][52.102s] GC(6) Using 2 workers of 2 for evacuation
[2022-08-08T08:03:10.857+0000][52.167s] GC(6)   Pre Evacuate Collection Set: 0.1ms
[2022-08-08T08:03:10.858+0000][52.169s] GC(6)   Evacuate Collection Set: 60.4ms
[2022-08-08T08:03:10.859+0000][52.170s] GC(6)   Post Evacuate Collection Set: 2.4ms
[2022-08-08T08:03:10.860+0000][52.170s] GC(6)   Other: 4.5ms
[2022-08-08T08:03:10.862+0000][52.173s] GC(6) Eden regions: 24->0(24)
[2022-08-08T08:03:10.863+0000][52.174s] GC(6) Survivor regions: 1->1(4)
[2022-08-08T08:03:10.866+0000][52.176s] GC(6) Old regions: 21->21
[2022-08-08T08:03:10.867+0000][52.177s] GC(6) Humongous regions: 4->4
[2022-08-08T08:03:10.868+0000][52.179s] GC(6) Metaspace: 22450K->22450K(1069056K)
[2022-08-08T08:03:10.869+0000][52.180s] GC(6) Pause Young (Concurrent Start) (G1 Evacuation Pause) 48M->24M(512M) 79.676ms
[2022-08-08T08:03:10.870+0000][52.181s] GC(6) User=0.02s Sys=0.00s Real=0.08s
[2022-08-08T08:03:10.878+0000][52.189s] GC(7) Concurrent Cycle
[2022-08-08T08:03:10.881+0000][52.192s] GC(7) Concurrent Clear Claimed Marks
[2022-08-08T08:03:10.883+0000][52.193s] GC(7) Concurrent Clear Claimed Marks 1.100ms
[2022-08-08T08:03:10.884+0000][52.195s] GC(7) Concurrent Scan Root Regions
[2022-08-08T08:03:10.890+0000][52.200s] GC(7) Concurrent Scan Root Regions 5.746ms
[2022-08-08T08:03:10.895+0000][52.206s] GC(7) Concurrent Mark (52.206s)
[2022-08-08T08:03:10.897+0000][52.208s] GC(7) Concurrent Mark From Roots
[2022-08-08T08:03:10.898+0000][52.208s] GC(7) Using 1 workers of 1 for marking
[2022-08-08T08:03:11.435+0000][52.746s] GC(7) Concurrent Mark From Roots 538.068ms
[2022-08-08T08:03:11.437+0000][52.747s] GC(7) Concurrent Preclean
[2022-08-08T08:03:11.439+0000][52.749s] GC(7) Concurrent Preclean 1.934ms
[2022-08-08T08:03:11.440+0000][52.751s] GC(7) Concurrent Mark (52.206s, 52.751s) 544.702ms
[2022-08-08T08:03:11.450+0000][52.760s] GC(7) Pause Remark
[2022-08-08T08:03:11.477+0000][52.788s] GC(7) Cleaned string and symbol table, strings: 9240 processed, 0 removed, symbols: 64665 processed, 4 removed
[2022-08-08T08:03:11.479+0000][52.790s] GC(7) Pause Remark 25M->25M(512M) 29.828ms
[2022-08-08T08:03:11.481+0000][52.791s] GC(7) User=0.01s Sys=0.00s Real=0.03s
[2022-08-08T08:03:11.483+0000][52.793s] GC(7) Concurrent Rebuild Remembered Sets
[2022-08-08T08:03:11.769+0000][53.079s] GC(7) Concurrent Rebuild Remembered Sets 286.077ms
[2022-08-08T08:03:11.782+0000][53.093s] GC(7) Pause Cleanup
[2022-08-08T08:03:11.785+0000][53.096s] GC(7) Pause Cleanup 25M->25M(512M) 2.977ms
[2022-08-08T08:03:11.788+0000][53.099s] GC(7) User=0.00s Sys=0.00s Real=0.00s
[2022-08-08T08:03:11.790+0000][53.100s] GC(7) Concurrent Cleanup for Next Mark
[2022-08-08T08:03:11.793+0000][53.103s] GC(7) Concurrent Cleanup for Next Mark 3.219ms
[2022-08-08T08:03:11.801+0000][53.111s] GC(7) Concurrent Cycle 922.132ms
[2022-08-08T08:03:16.292+0000][57.603s] GC(8) Pause Young (Normal) (G1 Evacuation Pause)
[2022-08-08T08:03:16.294+0000][57.604s] GC(8) Using 2 workers of 2 for evacuation
[2022-08-08T08:03:16.371+0000][57.681s] GC(8)   Pre Evacuate Collection Set: 0.0ms
[2022-08-08T08:03:16.372+0000][57.683s] GC(8)   Evacuate Collection Set: 68.9ms
[2022-08-08T08:03:16.374+0000][57.684s] GC(8)   Post Evacuate Collection Set: 5.2ms
[2022-08-08T08:03:16.375+0000][57.686s] GC(8)   Other: 8.3ms
[2022-08-08T08:03:16.377+0000][57.687s] GC(8) Eden regions: 24->0(30)
[2022-08-08T08:03:16.378+0000][57.688s] GC(8) Survivor regions: 1->2(4)
[2022-08-08T08:03:16.378+0000][57.689s] GC(8) Old regions: 21->21
[2022-08-08T08:03:16.380+0000][57.690s] GC(8) Humongous regions: 4->4
[2022-08-08T08:03:16.380+0000][57.691s] GC(8) Metaspace: 25997K->25997K(1073152K)
[2022-08-08T08:03:16.382+0000][57.692s] GC(8) Pause Young (Normal) (G1 Evacuation Pause) 48M->25M(512M) 89.340ms
[2022-08-08T08:03:16.383+0000][57.694s] GC(8) User=0.04s Sys=0.00s Real=0.09s
[2022-08-08T08:03:20.954+0000][62.265s] GC(9) Pause Young (Normal) (G1 Evacuation Pause)
[2022-08-08T08:03:20.955+0000][62.266s] GC(9) Using 2 workers of 2 for evacuation
[2022-08-08T08:03:21.025+0000][62.335s] GC(9)   Pre Evacuate Collection Set: 0.0ms
[2022-08-08T08:03:21.026+0000][62.336s] GC(9)   Evacuate Collection Set: 64.5ms
[2022-08-08T08:03:21.027+0000][62.337s] GC(9)   Post Evacuate Collection Set: 2.9ms
[2022-08-08T08:03:21.028+0000][62.338s] GC(9)   Other: 3.4ms
[2022-08-08T08:03:21.029+0000][62.339s] GC(9) Eden regions: 30->0(35)
[2022-08-08T08:03:21.031+0000][62.341s] GC(9) Survivor regions: 2->4(4)
[2022-08-08T08:03:21.032+0000][62.343s] GC(9) Old regions: 21->21
[2022-08-08T08:03:21.034+0000][62.344s] GC(9) Humongous regions: 4->4
[2022-08-08T08:03:21.037+0000][62.348s] GC(9) Metaspace: 29470K->29470K(1077248K)
[2022-08-08T08:03:21.040+0000][62.350s] GC(9) Pause Young (Normal) (G1 Evacuation Pause) 55M->27M(512M) 85.603ms
[2022-08-08T08:03:21.041+0000][62.352s] GC(9) User=0.03s Sys=0.01s Real=0.08s
[2022-08-08T08:03:28.157+0000][69.465s] GC(10) Pause Young (Normal) (G1 Evacuation Pause)
[2022-08-08T08:03:28.159+0000][69.467s] GC(10) Using 2 workers of 2 for evacuation
[2022-08-08T08:03:28.244+0000][69.552s] GC(10)   Pre Evacuate Collection Set: 0.0ms
[2022-08-08T08:03:28.246+0000][69.554s] GC(10)   Evacuate Collection Set: 81.0ms
[2022-08-08T08:03:28.246+0000][69.555s] GC(10)   Post Evacuate Collection Set: 2.3ms
[2022-08-08T08:03:28.248+0000][69.556s] GC(10)   Other: 4.2ms
[2022-08-08T08:03:28.249+0000][69.557s] GC(10) Eden regions: 35->0(39)
[2022-08-08T08:03:28.250+0000][69.558s] GC(10) Survivor regions: 4->4(5)
[2022-08-08T08:03:28.251+0000][69.559s] GC(10) Old regions: 21->23
[2022-08-08T08:03:28.254+0000][69.562s] GC(10) Humongous regions: 4->4
[2022-08-08T08:03:28.255+0000][69.563s] GC(10) Metaspace: 31876K->31876K(1079296K)
[2022-08-08T08:03:28.257+0000][69.565s] GC(10) Pause Young (Normal) (G1 Evacuation Pause) 62M->28M(512M) 99.954ms
[2022-08-08T08:03:28.258+0000][69.566s] GC(10) User=0.03s Sys=0.01s Real=0.10s
[2022-08-08T08:03:30.742+0000][72.050s] GC(11) Pause Young (Normal) (G1 Evacuation Pause)
[2022-08-08T08:03:30.744+0000][72.052s] GC(11) Using 2 workers of 2 for evacuation
[2022-08-08T08:03:30.846+0000][72.155s] GC(11)   Pre Evacuate Collection Set: 0.0ms
[2022-08-08T08:03:30.849+0000][72.157s] GC(11)   Evacuate Collection Set: 100.8ms
[2022-08-08T08:03:30.850+0000][72.158s] GC(11)   Post Evacuate Collection Set: 0.3ms
[2022-08-08T08:03:30.852+0000][72.160s] GC(11)   Other: 3.5ms
[2022-08-08T08:03:30.853+0000][72.161s] GC(11) Eden regions: 39->0(47)
[2022-08-08T08:03:30.854+0000][72.162s] GC(11) Survivor regions: 4->2(6)
[2022-08-08T08:03:30.855+0000][72.163s] GC(11) Old regions: 23->25
[2022-08-08T08:03:30.855+0000][72.164s] GC(11) Humongous regions: 4->4
[2022-08-08T08:03:30.856+0000][72.164s] GC(11) Metaspace: 32967K->32967K(1079296K)
[2022-08-08T08:03:30.857+0000][72.165s] GC(11) Pause Young (Normal) (G1 Evacuation Pause) 67M->29M(512M) 115.114ms
[2022-08-08T08:03:30.859+0000][72.167s] GC(11) User=0.04s Sys=0.00s Real=0.12s
[2022-08-08T08:03:33.064+0000][74.372s] GC(12) Pause Young (Normal) (G1 Evacuation Pause)
[2022-08-08T08:03:33.065+0000][74.373s] GC(12) Using 2 workers of 2 for evacuation
[2022-08-08T08:03:33.134+0000][74.443s] GC(12)   Pre Evacuate Collection Set: 0.0ms
[2022-08-08T08:03:33.138+0000][74.446s] GC(12)   Evacuate Collection Set: 68.0ms
[2022-08-08T08:03:33.140+0000][74.448s] GC(12)   Post Evacuate Collection Set: 0.3ms
[2022-08-08T08:03:33.143+0000][74.451s] GC(12)   Other: 2.2ms
[2022-08-08T08:03:33.144+0000][74.452s] GC(12) Eden regions: 47->0(51)
[2022-08-08T08:03:33.147+0000][74.455s] GC(12) Survivor regions: 2->3(7)
[2022-08-08T08:03:33.149+0000][74.457s] GC(12) Old regions: 25->25
[2022-08-08T08:03:33.150+0000][74.458s] GC(12) Humongous regions: 4->4
[2022-08-08T08:03:33.151+0000][74.459s] GC(12) Metaspace: 34185K->34185K(1079296K)
[2022-08-08T08:03:33.152+0000][74.460s] GC(12) Pause Young (Normal) (G1 Evacuation Pause) 76M->29M(512M) 88.326ms
[2022-08-08T08:03:33.153+0000][74.462s] GC(12) User=0.03s Sys=0.00s Real=0.09s
[2022-08-08T08:03:35.082+0000][76.390s] GC(13) Pause Young (Normal) (G1 Evacuation Pause)
[2022-08-08T08:03:35.084+0000][76.392s] GC(13) Using 2 workers of 2 for evacuation
[2022-08-08T08:03:35.201+0000][76.509s] GC(13)   Pre Evacuate Collection Set: 0.4ms
[2022-08-08T08:03:35.203+0000][76.511s] GC(13)   Evacuate Collection Set: 111.5ms
[2022-08-08T08:03:35.204+0000][76.512s] GC(13)   Post Evacuate Collection Set: 3.1ms
[2022-08-08T08:03:35.206+0000][76.514s] GC(13)   Other: 4.2ms
[2022-08-08T08:03:35.209+0000][76.517s] GC(13) Eden regions: 51->0(56)
[2022-08-08T08:03:35.210+0000][76.518s] GC(13) Survivor regions: 3->4(7)
[2022-08-08T08:03:35.211+0000][76.519s] GC(13) Old regions: 25->25
[2022-08-08T08:03:35.212+0000][76.520s] GC(13) Humongous regions: 5->4
[2022-08-08T08:03:35.213+0000][76.521s] GC(13) Metaspace: 35008K->35008K(1081344K)
[2022-08-08T08:03:35.214+0000][76.523s] GC(13) Pause Young (Normal) (G1 Evacuation Pause) 81M->31M(512M) 132.518ms
[2022-08-08T08:03:35.216+0000][76.525s] GC(13) User=0.05s Sys=0.01s Real=0.14s
[2022-08-08T08:03:37.468+0000][78.776s] GC(14) Pause Young (Normal) (G1 Evacuation Pause)
[2022-08-08T08:03:37.469+0000][78.777s] GC(14) Using 2 workers of 2 for evacuation
[2022-08-08T08:03:37.567+0000][78.875s] GC(14)   Pre Evacuate Collection Set: 0.1ms
[2022-08-08T08:03:37.568+0000][78.876s] GC(14)   Evacuate Collection Set: 94.0ms
[2022-08-08T08:03:37.570+0000][78.878s] GC(14)   Post Evacuate Collection Set: 0.6ms
[2022-08-08T08:03:37.572+0000][78.880s] GC(14)   Other: 4.4ms
[2022-08-08T08:03:37.573+0000][78.881s] GC(14) Eden regions: 56->0(59)
[2022-08-08T08:03:37.574+0000][78.883s] GC(14) Survivor regions: 4->4(8)
[2022-08-08T08:03:37.577+0000][78.885s] GC(14) Old regions: 25->25
[2022-08-08T08:03:37.580+0000][78.888s] GC(14) Humongous regions: 4->4
[2022-08-08T08:03:37.581+0000][78.889s] GC(14) Metaspace: 35702K->35702K(1081344K)
[2022-08-08T08:03:37.582+0000][78.890s] GC(14) Pause Young (Normal) (G1 Evacuation Pause) 87M->31M(512M) 114.415ms
[2022-08-08T08:03:37.583+0000][78.891s] GC(14) User=0.05s Sys=0.00s Real=0.11s
[2022-08-08T08:03:44.118+0000][85.426s] GC(15) Pause Young (Concurrent Start) (Metadata GC Threshold)
[2022-08-08T08:03:44.120+0000][85.428s] GC(15) Using 2 workers of 2 for evacuation
[2022-08-08T08:03:44.171+0000][85.479s] GC(15)   Pre Evacuate Collection Set: 2.3ms
[2022-08-08T08:03:44.175+0000][85.483s] GC(15)   Evacuate Collection Set: 46.0ms
[2022-08-08T08:03:44.176+0000][85.485s] GC(15)   Post Evacuate Collection Set: 0.5ms
[2022-08-08T08:03:44.177+0000][85.485s] GC(15)   Other: 3.8ms
[2022-08-08T08:03:44.178+0000][85.486s] GC(15) Eden regions: 31->0(55)
[2022-08-08T08:03:44.179+0000][85.487s] GC(15) Survivor regions: 4->5(8)
[2022-08-08T08:03:44.180+0000][85.488s] GC(15) Old regions: 25->25
[2022-08-08T08:03:44.181+0000][85.489s] GC(15) Humongous regions: 4->4
[2022-08-08T08:03:44.181+0000][85.489s] GC(15) Metaspace: 38079K->38079K(1083392K)
[2022-08-08T08:03:44.182+0000][85.490s] GC(15) Pause Young (Concurrent Start) (Metadata GC Threshold) 61M->31M(512M) 63.925ms
[2022-08-08T08:03:44.183+0000][85.491s] GC(15) User=0.03s Sys=0.00s Real=0.06s
[2022-08-08T08:03:44.184+0000][85.492s] GC(16) Concurrent Cycle
[2022-08-08T08:03:44.185+0000][85.493s] GC(16) Concurrent Clear Claimed Marks
[2022-08-08T08:03:44.189+0000][85.497s] GC(16) Concurrent Clear Claimed Marks 3.406ms
[2022-08-08T08:03:44.190+0000][85.498s] GC(16) Concurrent Scan Root Regions
[2022-08-08T08:03:44.230+0000][85.538s] GC(16) Concurrent Scan Root Regions 39.888ms
[2022-08-08T08:03:44.232+0000][85.540s] GC(16) Concurrent Mark (85.540s)
[2022-08-08T08:03:44.234+0000][85.542s] GC(16) Concurrent Mark From Roots
[2022-08-08T08:03:44.235+0000][85.543s] GC(16) Using 1 workers of 1 for marking
[2022-08-08T08:03:44.762+0000][86.070s] GC(16) Concurrent Mark From Roots 528.136ms
[2022-08-08T08:03:44.763+0000][86.071s] GC(16) Concurrent Preclean
[2022-08-08T08:03:44.765+0000][86.073s] GC(16) Concurrent Preclean 1.658ms
[2022-08-08T08:03:44.766+0000][86.075s] GC(16) Concurrent Mark (85.540s, 86.074s) 533.819ms
[2022-08-08T08:03:44.783+0000][86.091s] GC(16) Pause Remark
[2022-08-08T08:03:44.845+0000][86.153s] GC(16) Cleaned string and symbol table, strings: 18801 processed, 12 removed, symbols: 112317 processed, 185 removed
[2022-08-08T08:03:44.847+0000][86.155s] GC(16) Pause Remark 37M->37M(512M) 63.916ms
[2022-08-08T08:03:44.848+0000][86.156s] GC(16) User=0.04s Sys=0.00s Real=0.07s
[2022-08-08T08:03:44.849+0000][86.157s] GC(16) Concurrent Rebuild Remembered Sets
[2022-08-08T08:03:45.267+0000][86.575s] GC(16) Concurrent Rebuild Remembered Sets 417.203ms
[2022-08-08T08:03:45.277+0000][86.585s] GC(16) Pause Cleanup
[2022-08-08T08:03:45.279+0000][86.587s] GC(16) Pause Cleanup 40M->40M(512M) 2.131ms
[2022-08-08T08:03:45.280+0000][86.589s] GC(16) User=0.00s Sys=0.01s Real=0.00s
[2022-08-08T08:03:45.282+0000][86.590s] GC(16) Concurrent Cleanup for Next Mark
[2022-08-08T08:03:45.297+0000][86.605s] GC(16) Concurrent Cleanup for Next Mark 15.458ms
[2022-08-08T08:03:45.304+0000][86.612s] GC(16) Concurrent Cycle 1120.544ms
[2022-08-08T08:03:49.595+0000][90.903s] GC(17) Pause Young (Normal) (G1 Evacuation Pause)
[2022-08-08T08:03:49.598+0000][90.906s] GC(17) Using 2 workers of 2 for evacuation
[2022-08-08T08:03:49.728+0000][91.036s] GC(17)   Pre Evacuate Collection Set: 0.0ms
[2022-08-08T08:03:49.729+0000][91.037s] GC(17)   Evacuate Collection Set: 124.7ms
[2022-08-08T08:03:49.731+0000][91.039s] GC(17)   Post Evacuate Collection Set: 3.1ms
[2022-08-08T08:03:49.732+0000][91.040s] GC(17)   Other: 5.2ms
[2022-08-08T08:03:49.733+0000][91.041s] GC(17) Eden regions: 51->0(57)
[2022-08-08T08:03:49.735+0000][91.043s] GC(17) Survivor regions: 5->6(7)
[2022-08-08T08:03:49.736+0000][91.044s] GC(17) Old regions: 25->26
[2022-08-08T08:03:49.737+0000][91.046s] GC(17) Humongous regions: 4->4
[2022-08-08T08:03:49.738+0000][91.047s] GC(17) Metaspace: 40137K->40137K(1085440K)
[2022-08-08T08:03:49.739+0000][91.048s] GC(17) Pause Young (Normal) (G1 Evacuation Pause) 82M->33M(512M) 144.160ms
[2022-08-08T08:03:49.741+0000][91.049s] GC(17) User=0.06s Sys=0.00s Real=0.14s
[2022-08-08T08:03:56.474+0000][97.784s] GC(18) Pause Young (Normal) (G1 Evacuation Pause)
[2022-08-08T08:03:56.495+0000][97.805s] GC(18) Using 2 workers of 2 for evacuation
[2022-08-08T08:03:56.740+0000][98.051s] GC(18)   Pre Evacuate Collection Set: 0.2ms
[2022-08-08T08:03:56.742+0000][98.053s] GC(18)   Evacuate Collection Set: 236.5ms
[2022-08-08T08:03:56.744+0000][98.054s] GC(18)   Post Evacuate Collection Set: 0.6ms
[2022-08-08T08:03:56.746+0000][98.056s] GC(18)   Other: 28.9ms
[2022-08-08T08:03:56.747+0000][98.057s] GC(18) Eden regions: 57->0(49)
[2022-08-08T08:03:56.749+0000][98.059s] GC(18) Survivor regions: 6->7(8)
[2022-08-08T08:03:56.750+0000][98.060s] GC(18) Old regions: 26->28
[2022-08-08T08:03:56.752+0000][98.063s] GC(18) Humongous regions: 4->4
[2022-08-08T08:03:56.754+0000][98.064s] GC(18) Metaspace: 43812K->43812K(1089536K)
[2022-08-08T08:03:56.758+0000][98.068s] GC(18) Pause Young (Normal) (G1 Evacuation Pause) 90M->37M(512M) 283.569ms
[2022-08-08T08:03:56.760+0000][98.071s] GC(18) User=0.12s Sys=0.03s Real=0.28s
