[2022-08-08T05:25:02.638+0000][0.408s] Heap region size: 1M
[2022-08-08T05:25:02.926+0000][0.697s] Using G1
[2022-08-08T05:25:02.990+0000][0.761s] Heap address: 0x00000000e0000000, size: 512 MB, Compressed Oops mode: 32-bit
[2022-08-08T05:25:03.024+0000][0.794s] Mark closed archive regions in map: [0x00000000ffe00000, 0x00000000ffe65ff8]
[2022-08-08T05:25:03.103+0000][0.873s] Mark open archive regions in map: [0x00000000ffc00000, 0x00000000ffc42ff8]
[2022-08-08T05:25:14.259+0000][12.029s] GC(0) Pause Young (Normal) (G1 Evacuation Pause)
[2022-08-08T05:25:14.299+0000][12.070s] GC(0) Using 2 workers of 2 for evacuation
[2022-08-08T05:25:14.568+0000][12.339s] GC(0)   Pre Evacuate Collection Set: 0.0ms
[2022-08-08T05:25:14.576+0000][12.346s] GC(0)   Evacuate Collection Set: 231.4ms
[2022-08-08T05:25:14.590+0000][12.361s] GC(0)   Post Evacuate Collection Set: 9.2ms
[2022-08-08T05:25:14.594+0000][12.364s] GC(0)   Other: 69.0ms
[2022-08-08T05:25:14.597+0000][12.367s] GC(0) Eden regions: 25->0(22)
[2022-08-08T05:25:14.598+0000][12.368s] GC(0) Survivor regions: 0->3(4)
[2022-08-08T05:25:14.599+0000][12.369s] GC(0) Old regions: 2->2
[2022-08-08T05:25:14.600+0000][12.370s] GC(0) Humongous regions: 0->0
[2022-08-08T05:25:14.601+0000][12.371s] GC(0) Metaspace: 6716K->6716K(1056768K)
[2022-08-08T05:25:14.610+0000][12.380s] GC(0) Pause Young (Normal) (G1 Evacuation Pause) 25M->3M(512M) 351.206ms
[2022-08-08T05:25:14.621+0000][12.392s] GC(0) User=0.15s Sys=0.02s Real=0.36s
[2022-08-08T05:25:23.896+0000][21.674s] GC(1) Pause Young (Normal) (G1 Evacuation Pause)
[2022-08-08T05:25:23.897+0000][21.675s] GC(1) Using 2 workers of 2 for evacuation
[2022-08-08T05:25:24.409+0000][22.187s] GC(1) MMU target violated: 251.0ms (250.0ms/251.0ms)
[2022-08-08T05:25:24.410+0000][22.188s] GC(1)   Pre Evacuate Collection Set: 0.0ms
[2022-08-08T05:25:24.411+0000][22.189s] GC(1)   Evacuate Collection Set: 507.2ms
[2022-08-08T05:25:24.413+0000][22.191s] GC(1)   Post Evacuate Collection Set: 3.5ms
[2022-08-08T05:25:24.414+0000][22.192s] GC(1)   Other: 3.8ms
[2022-08-08T05:25:24.416+0000][22.194s] GC(1) Eden regions: 22->0(21)
[2022-08-08T05:25:24.417+0000][22.195s] GC(1) Survivor regions: 3->4(4)
[2022-08-08T05:25:24.419+0000][22.197s] GC(1) Old regions: 2->10
[2022-08-08T05:25:24.421+0000][22.199s] GC(1) Humongous regions: 4->4
[2022-08-08T05:25:24.422+0000][22.200s] GC(1) Metaspace: 12771K->12771K(1060864K)
[2022-08-08T05:25:24.425+0000][22.203s] GC(1) Pause Young (Normal) (G1 Evacuation Pause) 29M->15M(512M) 528.996ms
[2022-08-08T05:25:24.426+0000][22.204s] GC(1) User=0.24s Sys=0.03s Real=0.53s
[2022-08-08T05:25:29.727+0000][27.505s] GC(2) Pause Young (Normal) (G1 Evacuation Pause)
[2022-08-08T05:25:29.728+0000][27.506s] GC(2) Using 2 workers of 2 for evacuation
[2022-08-08T05:25:29.835+0000][27.613s] GC(2)   Pre Evacuate Collection Set: 0.1ms
[2022-08-08T05:25:29.837+0000][27.616s] GC(2)   Evacuate Collection Set: 102.0ms
[2022-08-08T05:25:29.839+0000][27.617s] GC(2)   Post Evacuate Collection Set: 3.4ms
[2022-08-08T05:25:29.841+0000][27.619s] GC(2)   Other: 3.0ms
[2022-08-08T05:25:29.842+0000][27.620s] GC(2) Eden regions: 21->0(21)
[2022-08-08T05:25:29.843+0000][27.622s] GC(2) Survivor regions: 4->4(4)
[2022-08-08T05:25:29.845+0000][27.623s] GC(2) Old regions: 10->14
[2022-08-08T05:25:29.847+0000][27.625s] GC(2) Humongous regions: 4->4
[2022-08-08T05:25:29.848+0000][27.626s] GC(2) Metaspace: 15232K->15232K(1062912K)
[2022-08-08T05:25:29.849+0000][27.627s] GC(2) Pause Young (Normal) (G1 Evacuation Pause) 36M->20M(512M) 121.955ms
[2022-08-08T05:25:29.850+0000][27.628s] GC(2) User=0.05s Sys=0.00s Real=0.12s
[2022-08-08T05:25:34.852+0000][32.630s] GC(3) Pause Young (Normal) (G1 Evacuation Pause)
[2022-08-08T05:25:34.854+0000][32.632s] GC(3) Using 2 workers of 2 for evacuation
[2022-08-08T05:25:34.929+0000][32.707s] GC(3)   Pre Evacuate Collection Set: 0.0ms
[2022-08-08T05:25:34.930+0000][32.709s] GC(3)   Evacuate Collection Set: 72.2ms
[2022-08-08T05:25:34.932+0000][32.710s] GC(3)   Post Evacuate Collection Set: 0.9ms
[2022-08-08T05:25:34.933+0000][32.711s] GC(3)   Other: 3.2ms
[2022-08-08T05:25:34.936+0000][32.714s] GC(3) Eden regions: 21->0(22)
[2022-08-08T05:25:34.938+0000][32.716s] GC(3) Survivor regions: 4->3(4)
[2022-08-08T05:25:34.939+0000][32.717s] GC(3) Old regions: 14->19
[2022-08-08T05:25:34.940+0000][32.718s] GC(3) Humongous regions: 4->4
[2022-08-08T05:25:34.941+0000][32.719s] GC(3) Metaspace: 18356K->18356K(1067008K)
[2022-08-08T05:25:34.943+0000][32.721s] GC(3) Pause Young (Normal) (G1 Evacuation Pause) 41M->24M(512M) 90.380ms
[2022-08-08T05:25:34.944+0000][32.722s] GC(3) User=0.03s Sys=0.00s Real=0.09s
[2022-08-08T05:25:37.138+0000][34.916s] GC(4) Pause Young (Concurrent Start) (Metadata GC Threshold)
[2022-08-08T05:25:37.140+0000][34.918s] GC(4) Using 2 workers of 2 for evacuation
[2022-08-08T05:25:37.185+0000][34.963s] GC(4)   Pre Evacuate Collection Set: 0.1ms
[2022-08-08T05:25:37.186+0000][34.964s] GC(4)   Evacuate Collection Set: 40.5ms
[2022-08-08T05:25:37.188+0000][34.966s] GC(4)   Post Evacuate Collection Set: 0.7ms
[2022-08-08T05:25:37.189+0000][34.968s] GC(4)   Other: 5.4ms
[2022-08-08T05:25:37.191+0000][34.969s] GC(4) Eden regions: 20->0(25)
[2022-08-08T05:25:37.192+0000][34.970s] GC(4) Survivor regions: 3->1(4)
[2022-08-08T05:25:37.192+0000][34.970s] GC(4) Old regions: 19->22
[2022-08-08T05:25:37.194+0000][34.972s] GC(4) Humongous regions: 4->4
[2022-08-08T05:25:37.195+0000][34.973s] GC(4) Metaspace: 20477K->20477K(1069056K)
[2022-08-08T05:25:37.196+0000][34.974s] GC(4) Pause Young (Concurrent Start) (Metadata GC Threshold) 43M->24M(512M) 57.870ms
[2022-08-08T05:25:37.197+0000][34.975s] GC(4) User=0.01s Sys=0.00s Real=0.06s
[2022-08-08T05:25:37.199+0000][34.977s] GC(5) Concurrent Cycle
[2022-08-08T05:25:37.200+0000][34.978s] GC(5) Concurrent Clear Claimed Marks
[2022-08-08T05:25:37.201+0000][34.979s] GC(5) Concurrent Clear Claimed Marks 1.552ms
[2022-08-08T05:25:37.203+0000][34.981s] GC(5) Concurrent Scan Root Regions
[2022-08-08T05:25:37.207+0000][34.985s] GC(5) Concurrent Scan Root Regions 4.080ms
[2022-08-08T05:25:37.208+0000][34.986s] GC(5) Concurrent Mark (34.986s)
[2022-08-08T05:25:37.213+0000][34.991s] GC(5) Concurrent Mark From Roots
[2022-08-08T05:25:37.215+0000][34.993s] GC(5) Using 1 workers of 1 for marking
[2022-08-08T05:25:37.709+0000][35.487s] GC(5) Concurrent Mark From Roots 495.798ms
[2022-08-08T05:25:37.717+0000][35.495s] GC(5) Concurrent Preclean
[2022-08-08T05:25:37.723+0000][35.501s] GC(5) Concurrent Preclean 6.021ms
[2022-08-08T05:25:37.743+0000][35.521s] GC(5) Concurrent Mark (34.986s, 35.521s) 535.006ms
[2022-08-08T05:25:37.810+0000][35.588s] GC(5) Pause Remark
[2022-08-08T05:25:37.952+0000][35.730s] GC(5) Cleaned string and symbol table, strings: 8968 processed, 25 removed, symbols: 61461 processed, 36 removed
[2022-08-08T05:25:37.970+0000][35.748s] GC(5) Pause Remark 27M->27M(512M) 159.928ms
[2022-08-08T05:25:37.972+0000][35.750s] GC(5) User=0.05s Sys=0.01s Real=0.16s
[2022-08-08T05:25:37.973+0000][35.751s] GC(5) Concurrent Rebuild Remembered Sets
[2022-08-08T05:25:38.166+0000][35.944s] GC(5) Concurrent Rebuild Remembered Sets 192.877ms
[2022-08-08T05:25:38.173+0000][35.951s] GC(5) Pause Cleanup
[2022-08-08T05:25:38.176+0000][35.954s] GC(5) Pause Cleanup 29M->29M(512M) 3.297ms
[2022-08-08T05:25:38.177+0000][35.955s] GC(5) User=0.00s Sys=0.00s Real=0.01s
[2022-08-08T05:25:38.179+0000][35.957s] GC(5) Concurrent Cleanup for Next Mark
[2022-08-08T05:25:38.182+0000][35.960s] GC(5) Concurrent Cleanup for Next Mark 2.687ms
[2022-08-08T05:25:38.184+0000][35.962s] GC(5) Concurrent Cycle 985.680ms
[2022-08-08T05:25:45.216+0000][42.994s] GC(6) Pause Young (Concurrent Start) (G1 Evacuation Pause)
[2022-08-08T05:25:45.218+0000][42.997s] GC(6) Using 2 workers of 2 for evacuation
[2022-08-08T05:25:45.422+0000][43.200s] GC(6)   Pre Evacuate Collection Set: 0.3ms
[2022-08-08T05:25:45.423+0000][43.201s] GC(6)   Evacuate Collection Set: 199.7ms
[2022-08-08T05:25:45.425+0000][43.203s] GC(6)   Post Evacuate Collection Set: 0.3ms
[2022-08-08T05:25:45.430+0000][43.208s] GC(6)   Other: 6.3ms
[2022-08-08T05:25:45.433+0000][43.211s] GC(6) Eden regions: 25->0(24)
[2022-08-08T05:25:45.437+0000][43.216s] GC(6) Survivor regions: 1->1(4)
[2022-08-08T05:25:45.439+0000][43.217s] GC(6) Old regions: 22->22
[2022-08-08T05:25:45.439+0000][43.217s] GC(6) Humongous regions: 4->4
[2022-08-08T05:25:45.440+0000][43.218s] GC(6) Metaspace: 22745K->22745K(1071104K)
[2022-08-08T05:25:45.442+0000][43.220s] GC(6) Pause Young (Concurrent Start) (G1 Evacuation Pause) 49M->24M(512M) 226.037ms
[2022-08-08T05:25:45.444+0000][43.223s] GC(6) User=0.10s Sys=0.00s Real=0.23s
[2022-08-08T05:25:45.449+0000][43.227s] GC(7) Concurrent Cycle
[2022-08-08T05:25:45.451+0000][43.229s] GC(7) Concurrent Clear Claimed Marks
[2022-08-08T05:25:45.453+0000][43.231s] GC(7) Concurrent Clear Claimed Marks 2.517ms
[2022-08-08T05:25:45.455+0000][43.233s] GC(7) Concurrent Scan Root Regions
[2022-08-08T05:25:45.470+0000][43.248s] GC(7) Concurrent Scan Root Regions 14.946ms
[2022-08-08T05:25:45.477+0000][43.255s] GC(7) Concurrent Mark (43.255s)
[2022-08-08T05:25:45.478+0000][43.256s] GC(7) Concurrent Mark From Roots
[2022-08-08T05:25:45.479+0000][43.257s] GC(7) Using 1 workers of 1 for marking
[2022-08-08T05:25:46.070+0000][43.848s] GC(7) Concurrent Mark From Roots 592.844ms
[2022-08-08T05:25:46.073+0000][43.851s] GC(7) Concurrent Preclean
[2022-08-08T05:25:46.075+0000][43.853s] GC(7) Concurrent Preclean 1.630ms
[2022-08-08T05:25:46.076+0000][43.854s] GC(7) Concurrent Mark (43.255s, 43.854s) 599.228ms
[2022-08-08T05:25:46.088+0000][43.866s] GC(7) Pause Remark
[2022-08-08T05:25:46.128+0000][43.906s] GC(7) Cleaned string and symbol table, strings: 9467 processed, 0 removed, symbols: 66351 processed, 5 removed
[2022-08-08T05:25:46.130+0000][43.908s] GC(7) Pause Remark 27M->27M(512M) 41.758ms
[2022-08-08T05:25:46.131+0000][43.909s] GC(7) User=0.02s Sys=0.00s Real=0.04s
[2022-08-08T05:25:46.132+0000][43.910s] GC(7) Concurrent Rebuild Remembered Sets
[2022-08-08T05:25:46.368+0000][44.146s] GC(7) Concurrent Rebuild Remembered Sets 236.273ms
[2022-08-08T05:25:46.383+0000][44.161s] GC(7) Pause Cleanup
[2022-08-08T05:25:46.396+0000][44.174s] GC(7) Pause Cleanup 29M->29M(512M) 12.969ms
[2022-08-08T05:25:46.412+0000][44.190s] GC(7) User=0.01s Sys=0.00s Real=0.03s
[2022-08-08T05:25:46.440+0000][44.218s] GC(7) Concurrent Cleanup for Next Mark
[2022-08-08T05:25:46.502+0000][44.280s] GC(7) Concurrent Cleanup for Next Mark 61.683ms
[2022-08-08T05:25:46.511+0000][44.289s] GC(7) Concurrent Cycle 1061.798ms
[2022-08-08T05:25:51.083+0000][48.855s] GC(8) Pause Young (Normal) (G1 Evacuation Pause)
[2022-08-08T05:25:51.085+0000][48.856s] GC(8) Using 2 workers of 2 for evacuation
[2022-08-08T05:25:51.173+0000][48.945s] GC(8)   Pre Evacuate Collection Set: 0.0ms
[2022-08-08T05:25:51.174+0000][48.946s] GC(8)   Evacuate Collection Set: 82.1ms
[2022-08-08T05:25:51.176+0000][48.948s] GC(8)   Post Evacuate Collection Set: 4.9ms
[2022-08-08T05:25:51.177+0000][48.949s] GC(8)   Other: 2.6ms
[2022-08-08T05:25:51.179+0000][48.951s] GC(8) Eden regions: 24->0(21)
[2022-08-08T05:25:51.180+0000][48.952s] GC(8) Survivor regions: 1->4(4)
[2022-08-08T05:25:51.184+0000][48.956s] GC(8) Old regions: 22->22
[2022-08-08T05:25:51.186+0000][48.958s] GC(8) Humongous regions: 4->4
[2022-08-08T05:25:51.187+0000][48.959s] GC(8) Metaspace: 26870K->26870K(1073152K)
[2022-08-08T05:25:51.189+0000][48.961s] GC(8) Pause Young (Normal) (G1 Evacuation Pause) 48M->27M(512M) 105.614ms
[2022-08-08T05:25:51.191+0000][48.962s] GC(8) User=0.05s Sys=0.00s Real=0.10s
[2022-08-08T05:25:54.745+0000][52.517s] GC(9) Pause Young (Normal) (G1 Evacuation Pause)
[2022-08-08T05:25:54.747+0000][52.519s] GC(9) Using 2 workers of 2 for evacuation
[2022-08-08T05:25:54.846+0000][52.617s] GC(9)   Pre Evacuate Collection Set: 0.1ms
[2022-08-08T05:25:54.848+0000][52.620s] GC(9)   Evacuate Collection Set: 91.9ms
[2022-08-08T05:25:54.849+0000][52.621s] GC(9)   Post Evacuate Collection Set: 3.9ms
[2022-08-08T05:25:54.850+0000][52.622s] GC(9)   Other: 5.1ms
[2022-08-08T05:25:54.852+0000][52.624s] GC(9) Eden regions: 21->0(24)
[2022-08-08T05:25:54.853+0000][52.625s] GC(9) Survivor regions: 4->1(4)
[2022-08-08T05:25:54.854+0000][52.626s] GC(9) Old regions: 22->25
[2022-08-08T05:25:54.856+0000][52.627s] GC(9) Humongous regions: 4->4
[2022-08-08T05:25:54.857+0000][52.628s] GC(9) Metaspace: 29332K->29332K(1075200K)
[2022-08-08T05:25:54.858+0000][52.630s] GC(9) Pause Young (Normal) (G1 Evacuation Pause) 48M->27M(512M) 113.029ms
[2022-08-08T05:25:54.860+0000][52.632s] GC(9) User=0.03s Sys=0.02s Real=0.11s
[2022-08-08T05:26:02.836+0000][60.608s] GC(10) Pause Young (Normal) (G1 Evacuation Pause)
[2022-08-08T05:26:02.840+0000][60.612s] GC(10) Using 2 workers of 2 for evacuation
[2022-08-08T05:26:02.984+0000][60.756s] GC(10)   Pre Evacuate Collection Set: 0.0ms
[2022-08-08T05:26:02.994+0000][60.765s] GC(10)   Evacuate Collection Set: 137.9ms
[2022-08-08T05:26:02.995+0000][60.766s] GC(10)   Post Evacuate Collection Set: 3.4ms
[2022-08-08T05:26:02.996+0000][60.768s] GC(10)   Other: 6.4ms
[2022-08-08T05:26:02.997+0000][60.769s] GC(10) Eden regions: 24->0(25)
[2022-08-08T05:26:02.998+0000][60.770s] GC(10) Survivor regions: 1->2(4)
[2022-08-08T05:26:03.012+0000][60.785s] GC(10) Old regions: 25->25
[2022-08-08T05:26:03.015+0000][60.786s] GC(10) Humongous regions: 4->4
[2022-08-08T05:26:03.016+0000][60.788s] GC(10) Metaspace: 31671K->31671K(1077248K)
[2022-08-08T05:26:03.024+0000][60.795s] GC(10) Pause Young (Normal) (G1 Evacuation Pause) 51M->28M(512M) 187.447ms
[2022-08-08T05:26:03.026+0000][60.797s] GC(10) User=0.06s Sys=0.01s Real=0.19s
[2022-08-08T05:26:04.722+0000][62.494s] GC(11) Pause Young (Normal) (G1 Evacuation Pause)
[2022-08-08T05:26:04.724+0000][62.496s] GC(11) Using 2 workers of 2 for evacuation
[2022-08-08T05:26:04.917+0000][62.689s] GC(11)   Pre Evacuate Collection Set: 0.0ms
[2022-08-08T05:26:05.014+0000][62.786s] GC(11)   Evacuate Collection Set: 143.4ms
[2022-08-08T05:26:05.078+0000][62.850s] GC(11)   Post Evacuate Collection Set: 48.1ms
[2022-08-08T05:26:05.207+0000][62.978s] GC(11)   Other: 3.4ms
[2022-08-08T05:26:05.246+0000][63.018s] GC(11) Eden regions: 25->0(26)
[2022-08-08T05:26:05.278+0000][63.049s] GC(11) Survivor regions: 2->2(4)
[2022-08-08T05:26:05.309+0000][63.081s] GC(11) Old regions: 25->25
[2022-08-08T05:26:05.311+0000][63.083s] GC(11) Humongous regions: 4->4
[2022-08-08T05:26:05.313+0000][63.085s] GC(11) Metaspace: 32142K->32142K(1079296K)
[2022-08-08T05:26:05.326+0000][63.098s] GC(11) Pause Young (Normal) (G1 Evacuation Pause) 53M->29M(512M) 603.753ms
[2022-08-08T05:26:05.354+0000][63.125s] GC(11) User=0.25s Sys=0.02s Real=0.64s
[2022-08-08T05:26:08.159+0000][65.930s] GC(12) Pause Young (Normal) (G1 Evacuation Pause)
[2022-08-08T05:26:08.166+0000][65.937s] GC(12) Using 2 workers of 2 for evacuation
[2022-08-08T05:26:08.242+0000][66.014s] GC(12)   Pre Evacuate Collection Set: 0.0ms
[2022-08-08T05:26:08.260+0000][66.032s] GC(12)   Evacuate Collection Set: 67.4ms
[2022-08-08T05:26:08.261+0000][66.033s] GC(12)   Post Evacuate Collection Set: 0.5ms
[2022-08-08T05:26:08.262+0000][66.034s] GC(12)   Other: 15.6ms
[2022-08-08T05:26:08.263+0000][66.035s] GC(12) Eden regions: 26->0(27)
[2022-08-08T05:26:08.264+0000][66.036s] GC(12) Survivor regions: 2->3(4)
[2022-08-08T05:26:08.265+0000][66.037s] GC(12) Old regions: 25->25
[2022-08-08T05:26:08.266+0000][66.038s] GC(12) Humongous regions: 4->4
[2022-08-08T05:26:08.267+0000][66.039s] GC(12) Metaspace: 32976K->32976K(1079296K)
[2022-08-08T05:26:08.268+0000][66.039s] GC(12) Pause Young (Normal) (G1 Evacuation Pause) 55M->29M(512M) 109.052ms
[2022-08-08T05:26:08.269+0000][66.040s] GC(12) User=0.04s Sys=0.00s Real=0.11s
[2022-08-08T05:26:11.039+0000][68.811s] GC(13) Pause Young (Normal) (G1 Evacuation Pause)
[2022-08-08T05:26:11.040+0000][68.812s] GC(13) Using 2 workers of 2 for evacuation
[2022-08-08T05:26:11.098+0000][68.870s] GC(13)   Pre Evacuate Collection Set: 0.0ms
[2022-08-08T05:26:11.100+0000][68.871s] GC(13)   Evacuate Collection Set: 55.8ms
[2022-08-08T05:26:11.101+0000][68.873s] GC(13)   Post Evacuate Collection Set: 0.3ms
[2022-08-08T05:26:11.102+0000][68.874s] GC(13)   Other: 3.2ms
[2022-08-08T05:26:11.103+0000][68.875s] GC(13) Eden regions: 27->0(31)
[2022-08-08T05:26:11.104+0000][68.876s] GC(13) Survivor regions: 3->3(4)
[2022-08-08T05:26:11.107+0000][68.879s] GC(13) Old regions: 25->26
[2022-08-08T05:26:11.108+0000][68.880s] GC(13) Humongous regions: 4->4
[2022-08-08T05:26:11.109+0000][68.881s] GC(13) Metaspace: 34126K->34126K(1079296K)
[2022-08-08T05:26:11.110+0000][68.882s] GC(13) Pause Young (Normal) (G1 Evacuation Pause) 56M->30M(512M) 70.975ms
[2022-08-08T05:26:11.112+0000][68.883s] GC(13) User=0.02s Sys=0.01s Real=0.07s
[2022-08-08T05:26:12.647+0000][70.419s] GC(14) Pause Young (Normal) (G1 Evacuation Pause)
[2022-08-08T05:26:12.668+0000][70.440s] GC(14) Using 2 workers of 2 for evacuation
[2022-08-08T05:26:12.802+0000][70.574s] GC(14)   Pre Evacuate Collection Set: 0.0ms
[2022-08-08T05:26:12.803+0000][70.575s] GC(14)   Evacuate Collection Set: 109.8ms
[2022-08-08T05:26:12.804+0000][70.576s] GC(14)   Post Evacuate Collection Set: 0.6ms
[2022-08-08T05:26:12.810+0000][70.582s] GC(14)   Other: 44.2ms
[2022-08-08T05:26:12.811+0000][70.583s] GC(14) Eden regions: 31->0(33)
[2022-08-08T05:26:12.812+0000][70.584s] GC(14) Survivor regions: 3->3(5)
[2022-08-08T05:26:12.813+0000][70.585s] GC(14) Old regions: 26->26
[2022-08-08T05:26:12.814+0000][70.586s] GC(14) Humongous regions: 4->4
[2022-08-08T05:26:12.815+0000][70.587s] GC(14) Metaspace: 34844K->34844K(1081344K)
[2022-08-08T05:26:12.818+0000][70.590s] GC(14) Pause Young (Normal) (G1 Evacuation Pause) 61M->30M(512M) 171.226ms
[2022-08-08T05:26:12.820+0000][70.591s] GC(14) User=0.08s Sys=0.00s Real=0.17s
[2022-08-08T05:26:13.664+0000][71.436s] GC(15) Pause Young (Normal) (G1 Evacuation Pause)
[2022-08-08T05:26:13.666+0000][71.438s] GC(15) Using 2 workers of 2 for evacuation
[2022-08-08T05:26:13.733+0000][71.505s] GC(15)   Pre Evacuate Collection Set: 0.0ms
[2022-08-08T05:26:13.736+0000][71.508s] GC(15)   Evacuate Collection Set: 57.7ms
[2022-08-08T05:26:13.738+0000][71.510s] GC(15)   Post Evacuate Collection Set: 0.4ms
[2022-08-08T05:26:13.740+0000][71.512s] GC(15)   Other: 10.8ms
[2022-08-08T05:26:13.741+0000][71.513s] GC(15) Eden regions: 33->0(36)
[2022-08-08T05:26:13.744+0000][71.516s] GC(15) Survivor regions: 3->2(5)
[2022-08-08T05:26:13.746+0000][71.517s] GC(15) Old regions: 26->27
[2022-08-08T05:26:13.747+0000][71.519s] GC(15) Humongous regions: 4->4
[2022-08-08T05:26:13.748+0000][71.520s] GC(15) Metaspace: 34926K->34926K(1081344K)
[2022-08-08T05:26:13.752+0000][71.524s] GC(15) Pause Young (Normal) (G1 Evacuation Pause) 63M->30M(512M) 87.157ms
[2022-08-08T05:26:13.755+0000][71.527s] GC(15) User=0.03s Sys=0.00s Real=0.09s
[2022-08-08T05:26:15.390+0000][73.162s] GC(16) Pause Young (Normal) (G1 Evacuation Pause)
[2022-08-08T05:26:15.411+0000][73.183s] GC(16) Using 2 workers of 2 for evacuation
[2022-08-08T05:26:15.538+0000][73.310s] GC(16)   Pre Evacuate Collection Set: 0.0ms
[2022-08-08T05:26:15.540+0000][73.312s] GC(16)   Evacuate Collection Set: 106.9ms
[2022-08-08T05:26:15.543+0000][73.315s] GC(16)   Post Evacuate Collection Set: 4.1ms
[2022-08-08T05:26:15.544+0000][73.316s] GC(16)   Other: 37.1ms
[2022-08-08T05:26:15.546+0000][73.318s] GC(16) Eden regions: 36->0(36)
[2022-08-08T05:26:15.550+0000][73.322s] GC(16) Survivor regions: 2->3(5)
[2022-08-08T05:26:15.553+0000][73.325s] GC(16) Old regions: 27->27
[2022-08-08T05:26:15.554+0000][73.326s] GC(16) Humongous regions: 5->4
[2022-08-08T05:26:15.555+0000][73.326s] GC(16) Metaspace: 35143K->35143K(1081344K)
[2022-08-08T05:26:15.555+0000][73.327s] GC(16) Pause Young (Normal) (G1 Evacuation Pause) 67M->31M(512M) 165.476ms
[2022-08-08T05:26:15.559+0000][73.330s] GC(16) User=0.07s Sys=0.01s Real=0.17s
[2022-08-08T05:26:19.335+0000][77.107s] GC(17) Pause Young (Normal) (G1 Evacuation Pause)
[2022-08-08T05:26:19.339+0000][77.111s] GC(17) Using 2 workers of 2 for evacuation
[2022-08-08T05:26:19.417+0000][77.189s] GC(17)   Pre Evacuate Collection Set: 0.0ms
[2022-08-08T05:26:19.419+0000][77.191s] GC(17)   Evacuate Collection Set: 66.0ms
[2022-08-08T05:26:19.420+0000][77.191s] GC(17)   Post Evacuate Collection Set: 0.4ms
[2022-08-08T05:26:19.420+0000][77.192s] GC(17)   Other: 15.9ms
[2022-08-08T05:26:19.422+0000][77.194s] GC(17) Eden regions: 36->0(38)
[2022-08-08T05:26:19.423+0000][77.195s] GC(17) Survivor regions: 3->3(5)
[2022-08-08T05:26:19.424+0000][77.196s] GC(17) Old regions: 27->27
[2022-08-08T05:26:19.425+0000][77.198s] GC(17) Humongous regions: 4->4
[2022-08-08T05:26:19.428+0000][77.200s] GC(17) Metaspace: 36573K->36573K(1083392K)
[2022-08-08T05:26:19.429+0000][77.201s] GC(17) Pause Young (Normal) (G1 Evacuation Pause) 67M->32M(512M) 93.555ms
[2022-08-08T05:26:19.430+0000][77.202s] GC(17) User=0.02s Sys=0.01s Real=0.09s
[2022-08-08T05:26:24.876+0000][82.648s] GC(18) Pause Young (Concurrent Start) (Metadata GC Threshold)
[2022-08-08T05:26:24.887+0000][82.659s] GC(18) Using 2 workers of 2 for evacuation
[2022-08-08T05:26:25.022+0000][82.794s] GC(18)   Pre Evacuate Collection Set: 0.1ms
[2022-08-08T05:26:25.026+0000][82.798s] GC(18)   Evacuate Collection Set: 110.4ms
[2022-08-08T05:26:25.029+0000][82.800s] GC(18)   Post Evacuate Collection Set: 2.1ms
[2022-08-08T05:26:25.031+0000][82.803s] GC(18)   Other: 33.5ms
[2022-08-08T05:26:25.033+0000][82.805s] GC(18) Eden regions: 35->0(40)
[2022-08-08T05:26:25.034+0000][82.806s] GC(18) Survivor regions: 3->4(6)
[2022-08-08T05:26:25.035+0000][82.807s] GC(18) Old regions: 27->27
[2022-08-08T05:26:25.036+0000][82.808s] GC(18) Humongous regions: 4->4
[2022-08-08T05:26:25.037+0000][82.809s] GC(18) Metaspace: 38752K->38752K(1083392K)
[2022-08-08T05:26:25.038+0000][82.810s] GC(18) Pause Young (Concurrent Start) (Metadata GC Threshold) 67M->32M(512M) 161.998ms
[2022-08-08T05:26:25.039+0000][82.811s] GC(18) User=0.05s Sys=0.01s Real=0.17s
[2022-08-08T05:26:25.041+0000][82.813s] GC(19) Concurrent Cycle
[2022-08-08T05:26:25.042+0000][82.814s] GC(19) Concurrent Clear Claimed Marks
[2022-08-08T05:26:25.043+0000][82.815s] GC(19) Concurrent Clear Claimed Marks 1.432ms
[2022-08-08T05:26:25.047+0000][82.819s] GC(19) Concurrent Scan Root Regions
[2022-08-08T05:26:25.073+0000][82.845s] GC(19) Concurrent Scan Root Regions 25.993ms
[2022-08-08T05:26:25.075+0000][82.847s] GC(19) Concurrent Mark (82.847s)
[2022-08-08T05:26:25.076+0000][82.848s] GC(19) Concurrent Mark From Roots
[2022-08-08T05:26:25.078+0000][82.850s] GC(19) Using 1 workers of 1 for marking
[2022-08-08T05:26:25.710+0000][83.482s] GC(19) Concurrent Mark From Roots 634.030ms
[2022-08-08T05:26:25.766+0000][83.538s] GC(19) Concurrent Preclean
[2022-08-08T05:26:25.774+0000][83.546s] GC(19) Concurrent Preclean 7.933ms
[2022-08-08T05:26:25.781+0000][83.553s] GC(19) Concurrent Mark (82.847s, 83.553s) 706.268ms
[2022-08-08T05:26:25.798+0000][83.570s] GC(19) Pause Remark
[2022-08-08T05:26:25.989+0000][83.761s] GC(19) Cleaned string and symbol table, strings: 19075 processed, 15 removed, symbols: 115013 processed, 187 removed
[2022-08-08T05:26:25.998+0000][83.769s] GC(19) Pause Remark 37M->37M(512M) 199.445ms
[2022-08-08T05:26:26.015+0000][83.787s] GC(19) User=0.10s Sys=0.01s Real=0.22s
[2022-08-08T05:26:26.090+0000][83.862s] GC(19) Concurrent Rebuild Remembered Sets
[2022-08-08T05:26:27.101+0000][84.873s] GC(19) Concurrent Rebuild Remembered Sets 1010.793ms
[2022-08-08T05:26:27.109+0000][84.881s] GC(19) Pause Cleanup
[2022-08-08T05:26:27.111+0000][84.883s] GC(19) Pause Cleanup 43M->43M(512M) 1.654ms
[2022-08-08T05:26:27.117+0000][84.889s] GC(19) User=0.01s Sys=0.00s Real=0.01s
[2022-08-08T05:26:27.119+0000][84.891s] GC(19) Concurrent Cleanup for Next Mark
[2022-08-08T05:26:27.131+0000][84.903s] GC(19) Concurrent Cleanup for Next Mark 12.463ms
[2022-08-08T05:26:27.140+0000][84.912s] GC(19) Concurrent Cycle 2099.456ms
[2022-08-08T05:26:30.632+0000][88.404s] GC(20) Pause Young (Concurrent Start) (G1 Evacuation Pause)
[2022-08-08T05:26:30.634+0000][88.406s] GC(20) Using 2 workers of 2 for evacuation
[2022-08-08T05:26:30.774+0000][88.546s] GC(20)   Pre Evacuate Collection Set: 0.3ms
[2022-08-08T05:26:30.775+0000][88.547s] GC(20)   Evacuate Collection Set: 131.0ms
[2022-08-08T05:26:30.776+0000][88.548s] GC(20)   Post Evacuate Collection Set: 6.7ms
[2022-08-08T05:26:30.777+0000][88.549s] GC(20)   Other: 3.7ms
[2022-08-08T05:26:30.779+0000][88.551s] GC(20) Eden regions: 38->0(53)
[2022-08-08T05:26:30.781+0000][88.553s] GC(20) Survivor regions: 4->6(6)
[2022-08-08T05:26:30.782+0000][88.554s] GC(20) Old regions: 27->28
[2022-08-08T05:26:30.784+0000][88.555s] GC(20) Humongous regions: 4->4
[2022-08-08T05:26:30.785+0000][88.557s] GC(20) Metaspace: 40195K->40195K(1085440K)
[2022-08-08T05:26:30.786+0000][88.558s] GC(20) Pause Young (Concurrent Start) (G1 Evacuation Pause) 70M->35M(512M) 154.155ms
[2022-08-08T05:26:30.791+0000][88.562s] GC(20) User=0.06s Sys=0.01s Real=0.16s
[2022-08-08T05:26:30.792+0000][88.564s] GC(21) Concurrent Cycle
[2022-08-08T05:26:30.793+0000][88.565s] GC(21) Concurrent Clear Claimed Marks
[2022-08-08T05:26:30.794+0000][88.566s] GC(21) Concurrent Clear Claimed Marks 1.194ms
[2022-08-08T05:26:30.797+0000][88.569s] GC(21) Concurrent Scan Root Regions
[2022-08-08T05:26:30.815+0000][88.587s] GC(21) Concurrent Scan Root Regions 18.270ms
[2022-08-08T05:26:30.820+0000][88.591s] GC(21) Concurrent Mark (88.591s)
[2022-08-08T05:26:30.821+0000][88.593s] GC(21) Concurrent Mark From Roots
[2022-08-08T05:26:30.823+0000][88.595s] GC(21) Using 1 workers of 1 for marking
[2022-08-08T05:26:31.596+0000][89.368s] GC(21) Concurrent Mark From Roots 774.943ms
[2022-08-08T05:26:31.599+0000][89.371s] GC(21) Concurrent Preclean
[2022-08-08T05:26:31.603+0000][89.375s] GC(21) Concurrent Preclean 3.613ms
[2022-08-08T05:26:31.605+0000][89.377s] GC(21) Concurrent Mark (88.591s, 89.377s) 785.370ms
[2022-08-08T05:26:31.613+0000][89.385s] GC(21) Pause Remark
[2022-08-08T05:26:31.716+0000][89.488s] GC(21) Cleaned string and symbol table, strings: 20338 processed, 0 removed, symbols: 118376 processed, 292 removed
[2022-08-08T05:26:31.722+0000][89.494s] GC(21) Pause Remark 42M->42M(512M) 108.704ms
[2022-08-08T05:26:31.723+0000][89.495s] GC(21) User=0.05s Sys=0.00s Real=0.11s
[2022-08-08T05:26:31.727+0000][89.499s] GC(21) Concurrent Rebuild Remembered Sets
[2022-08-08T05:26:32.200+0000][89.972s] GC(21) Concurrent Rebuild Remembered Sets 473.021ms
[2022-08-08T05:26:32.263+0000][90.035s] GC(21) Pause Cleanup
[2022-08-08T05:26:32.281+0000][90.053s] GC(21) Pause Cleanup 48M->48M(512M) 18.171ms
[2022-08-08T05:26:32.282+0000][90.054s] GC(21) User=0.01s Sys=0.00s Real=0.02s
[2022-08-08T05:26:32.296+0000][90.068s] GC(21) Concurrent Cleanup for Next Mark
[2022-08-08T05:26:32.314+0000][90.086s] GC(21) Concurrent Cleanup for Next Mark 18.054ms
[2022-08-08T05:26:32.320+0000][90.092s] GC(21) Concurrent Cycle 1528.170ms
[2022-08-08T05:26:34.880+0000][92.652s] GC(22) Pause Young (Normal) (G1 Evacuation Pause)
[2022-08-08T05:26:34.881+0000][92.653s] GC(22) Using 2 workers of 2 for evacuation
[2022-08-08T05:26:35.034+0000][92.806s] GC(22)   Pre Evacuate Collection Set: 0.4ms
[2022-08-08T05:26:35.035+0000][92.807s] GC(22)   Evacuate Collection Set: 148.7ms
[2022-08-08T05:26:35.037+0000][92.809s] GC(22)   Post Evacuate Collection Set: 1.9ms
[2022-08-08T05:26:35.038+0000][92.809s] GC(22)   Other: 2.8ms
[2022-08-08T05:26:35.038+0000][92.810s] GC(22) Eden regions: 42->0(65)
[2022-08-08T05:26:35.039+0000][92.811s] GC(22) Survivor regions: 6->5(6)
[2022-08-08T05:26:35.040+0000][92.812s] GC(22) Old regions: 28->31
[2022-08-08T05:26:35.041+0000][92.813s] GC(22) Humongous regions: 4->4
[2022-08-08T05:26:35.042+0000][92.814s] GC(22) Metaspace: 42141K->42141K(1087488K)
[2022-08-08T05:26:35.043+0000][92.815s] GC(22) Pause Young (Normal) (G1 Evacuation Pause) 77M->37M(512M) 163.215ms
[2022-08-08T05:26:35.044+0000][92.816s] GC(22) User=0.07s Sys=0.00s Real=0.17s
[2022-08-08T06:57:17.141+0000][5534.913s] GC(23) Pause Young (Normal) (G1 Evacuation Pause)
[2022-08-08T06:57:17.219+0000][5534.991s] GC(23) Using 2 workers of 2 for evacuation
