[2022-04-17T15:18:45.368+0000][0.053s] Heap region size: 1M
[2022-04-17T15:18:45.519+0000][0.204s] Using G1
[2022-04-17T15:18:45.520+0000][0.204s] Heap address: 0x00000000e0000000, size: 512 MB, Compressed Oops mode: 32-bit
[2022-04-17T15:18:45.521+0000][0.206s] Mark closed archive regions in map: [0x00000000fff00000, 0x00000000fff63ff8]
[2022-04-17T15:18:45.523+0000][0.207s] Mark open archive regions in map: [0x00000000ffe00000, 0x00000000ffe41ff8]
[2022-04-17T15:18:50.977+0000][5.661s] GC(0) Pause Young (Normal) (G1 Evacuation Pause)
[2022-04-17T15:18:50.982+0000][5.667s] GC(0) Using 2 workers of 2 for evacuation
[2022-04-17T15:18:51.079+0000][5.763s] GC(0)   Pre Evacuate Collection Set: 0.1ms
[2022-04-17T15:18:51.080+0000][5.764s] GC(0)   Evacuate Collection Set: 89.6ms
[2022-04-17T15:18:51.081+0000][5.765s] GC(0)   Post Evacuate Collection Set: 5.5ms
[2022-04-17T15:18:51.082+0000][5.766s] GC(0)   Other: 6.7ms
[2022-04-17T15:18:51.083+0000][5.767s] GC(0) Eden regions: 25->0(22)
[2022-04-17T15:18:51.083+0000][5.767s] GC(0) Survivor regions: 0->3(4)
[2022-04-17T15:18:51.084+0000][5.768s] GC(0) Old regions: 2->2
[2022-04-17T15:18:51.085+0000][5.769s] GC(0) Humongous regions: 0->0
[2022-04-17T15:18:51.085+0000][5.769s] GC(0) Metaspace: 6699K->6699K(1056768K)
[2022-04-17T15:18:51.086+0000][5.770s] GC(0) Pause Young (Normal) (G1 Evacuation Pause) 25M->3M(512M) 108.903ms
[2022-04-17T15:18:51.087+0000][5.771s] GC(0) User=0.05s Sys=0.00s Real=0.11s
[2022-04-17T15:18:55.303+0000][9.987s] GC(1) Pause Young (Normal) (G1 Evacuation Pause)
[2022-04-17T15:18:55.307+0000][9.991s] GC(1) Using 2 workers of 2 for evacuation
[2022-04-17T15:18:55.507+0000][10.191s] GC(1)   Pre Evacuate Collection Set: 0.0ms
[2022-04-17T15:18:55.508+0000][10.192s] GC(1)   Evacuate Collection Set: 197.6ms
[2022-04-17T15:18:55.508+0000][10.193s] GC(1)   Post Evacuate Collection Set: 0.8ms
[2022-04-17T15:18:55.510+0000][10.194s] GC(1)   Other: 5.5ms
[2022-04-17T15:18:55.512+0000][10.197s] GC(1) Eden regions: 22->0(21)
[2022-04-17T15:18:55.513+0000][10.197s] GC(1) Survivor regions: 3->4(4)
[2022-04-17T15:18:55.515+0000][10.199s] GC(1) Old regions: 2->10
[2022-04-17T15:18:55.516+0000][10.200s] GC(1) Humongous regions: 4->4
[2022-04-17T15:18:55.517+0000][10.201s] GC(1) Metaspace: 12791K->12791K(1060864K)
[2022-04-17T15:18:55.517+0000][10.202s] GC(1) Pause Young (Normal) (G1 Evacuation Pause) 29M->15M(512M) 214.746ms
[2022-04-17T15:18:55.519+0000][10.203s] GC(1) User=0.08s Sys=0.01s Real=0.22s
[2022-04-17T15:18:58.973+0000][13.658s] GC(2) Pause Young (Normal) (G1 Evacuation Pause)
[2022-04-17T15:18:58.975+0000][13.659s] GC(2) Using 2 workers of 2 for evacuation
[2022-04-17T15:18:59.053+0000][13.737s] GC(2)   Pre Evacuate Collection Set: 0.1ms
[2022-04-17T15:18:59.054+0000][13.738s] GC(2)   Evacuate Collection Set: 75.9ms
[2022-04-17T15:18:59.055+0000][13.739s] GC(2)   Post Evacuate Collection Set: 0.7ms
[2022-04-17T15:18:59.056+0000][13.740s] GC(2)   Other: 3.1ms
[2022-04-17T15:18:59.056+0000][13.740s] GC(2) Eden regions: 21->0(21)
[2022-04-17T15:18:59.057+0000][13.741s] GC(2) Survivor regions: 4->4(4)
[2022-04-17T15:18:59.057+0000][13.741s] GC(2) Old regions: 10->14
[2022-04-17T15:18:59.057+0000][13.742s] GC(2) Humongous regions: 4->4
[2022-04-17T15:18:59.058+0000][13.742s] GC(2) Metaspace: 15266K->15266K(1062912K)
[2022-04-17T15:18:59.058+0000][13.742s] GC(2) Pause Young (Normal) (G1 Evacuation Pause) 36M->20M(512M) 84.869ms
[2022-04-17T15:18:59.059+0000][13.743s] GC(2) User=0.03s Sys=0.00s Real=0.09s
[2022-04-17T15:19:03.202+0000][17.886s] GC(3) Pause Young (Normal) (G1 Evacuation Pause)
[2022-04-17T15:19:03.205+0000][17.890s] GC(3) Using 2 workers of 2 for evacuation
[2022-04-17T15:19:03.254+0000][17.938s] GC(3)   Pre Evacuate Collection Set: 0.6ms
[2022-04-17T15:19:03.255+0000][17.939s] GC(3)   Evacuate Collection Set: 40.4ms
[2022-04-17T15:19:03.256+0000][17.940s] GC(3)   Post Evacuate Collection Set: 5.5ms
[2022-04-17T15:19:03.257+0000][17.941s] GC(3)   Other: 5.3ms
[2022-04-17T15:19:03.258+0000][17.942s] GC(3) Eden regions: 21->0(26)
[2022-04-17T15:19:03.258+0000][17.943s] GC(3) Survivor regions: 4->4(4)
[2022-04-17T15:19:03.260+0000][17.944s] GC(3) Old regions: 14->19
[2022-04-17T15:19:03.260+0000][17.944s] GC(3) Humongous regions: 4->4
[2022-04-17T15:19:03.261+0000][17.945s] GC(3) Metaspace: 18410K->18410K(1067008K)
[2022-04-17T15:19:03.261+0000][17.946s] GC(3) Pause Young (Normal) (G1 Evacuation Pause) 41M->24M(512M) 59.324ms
[2022-04-17T15:19:03.262+0000][17.946s] GC(3) User=0.02s Sys=0.00s Real=0.06s
[2022-04-17T15:19:04.398+0000][19.082s] GC(4) Pause Young (Concurrent Start) (Metadata GC Threshold)
[2022-04-17T15:19:04.399+0000][19.083s] GC(4) Using 2 workers of 2 for evacuation
[2022-04-17T15:19:04.434+0000][19.119s] GC(4)   Pre Evacuate Collection Set: 0.1ms
[2022-04-17T15:19:04.435+0000][19.119s] GC(4)   Evacuate Collection Set: 34.1ms
[2022-04-17T15:19:04.436+0000][19.120s] GC(4)   Post Evacuate Collection Set: 0.2ms
[2022-04-17T15:19:04.436+0000][19.120s] GC(4)   Other: 1.7ms
[2022-04-17T15:19:04.437+0000][19.121s] GC(4) Eden regions: 19->0(36)
[2022-04-17T15:19:04.437+0000][19.121s] GC(4) Survivor regions: 4->1(4)
[2022-04-17T15:19:04.438+0000][19.122s] GC(4) Old regions: 19->22
[2022-04-17T15:19:04.438+0000][19.122s] GC(4) Humongous regions: 4->4
[2022-04-17T15:19:04.438+0000][19.123s] GC(4) Metaspace: 20332K->20332K(1069056K)
[2022-04-17T15:19:04.439+0000][19.124s] GC(4) Pause Young (Concurrent Start) (Metadata GC Threshold) 43M->24M(512M) 41.157ms
[2022-04-17T15:19:04.441+0000][19.125s] GC(4) User=0.02s Sys=0.00s Real=0.04s
[2022-04-17T15:19:04.442+0000][19.126s] GC(5) Concurrent Cycle
[2022-04-17T15:19:04.443+0000][19.127s] GC(5) Concurrent Clear Claimed Marks
[2022-04-17T15:19:04.444+0000][19.128s] GC(5) Concurrent Clear Claimed Marks 1.154ms
[2022-04-17T15:19:04.445+0000][19.129s] GC(5) Concurrent Scan Root Regions
[2022-04-17T15:19:04.447+0000][19.131s] GC(5) Concurrent Scan Root Regions 1.746ms
[2022-04-17T15:19:04.449+0000][19.133s] GC(5) Concurrent Mark (19.133s)
[2022-04-17T15:19:04.450+0000][19.134s] GC(5) Concurrent Mark From Roots
[2022-04-17T15:19:04.452+0000][19.136s] GC(5) Using 1 workers of 1 for marking
[2022-04-17T15:19:04.817+0000][19.501s] GC(5) Concurrent Mark From Roots 366.504ms
[2022-04-17T15:19:04.819+0000][19.503s] GC(5) Concurrent Preclean
[2022-04-17T15:19:04.821+0000][19.505s] GC(5) Concurrent Preclean 1.397ms
[2022-04-17T15:19:04.822+0000][19.507s] GC(5) Concurrent Mark (19.133s, 19.506s) 373.200ms
[2022-04-17T15:19:04.824+0000][19.508s] GC(5) Pause Remark
[2022-04-17T15:19:04.857+0000][19.541s] GC(5) Cleaned string and symbol table, strings: 8969 processed, 25 removed, symbols: 60875 processed, 39 removed
[2022-04-17T15:19:04.863+0000][19.547s] GC(5) Pause Remark 26M->26M(512M) 39.083ms
[2022-04-17T15:19:04.865+0000][19.549s] GC(5) User=0.02s Sys=0.00s Real=0.04s
[2022-04-17T15:19:04.875+0000][19.559s] GC(5) Concurrent Rebuild Remembered Sets
[2022-04-17T15:19:05.336+0000][20.021s] GC(5) Concurrent Rebuild Remembered Sets 461.258ms
[2022-04-17T15:19:05.448+0000][20.132s] GC(5) Pause Cleanup
[2022-04-17T15:19:05.449+0000][20.134s] GC(5) Pause Cleanup 28M->28M(512M) 1.138ms
[2022-04-17T15:19:05.450+0000][20.134s] GC(5) User=0.01s Sys=0.00s Real=0.00s
[2022-04-17T15:19:05.463+0000][20.147s] GC(5) Concurrent Cleanup for Next Mark
[2022-04-17T15:19:05.469+0000][20.153s] GC(5) Concurrent Cleanup for Next Mark 6.046ms
[2022-04-17T15:19:05.470+0000][20.154s] GC(5) Concurrent Cycle 1028.358ms
[2022-04-17T15:19:06.075+0000][20.759s] Heap
[2022-04-17T15:19:06.076+0000][20.760s]  garbage-first heap   total 524288K, used 36149K [0x00000000e0000000, 0x0000000100000000)
[2022-04-17T15:19:06.090+0000][20.774s]   region size 1024K, 13 young (13312K), 1 survivors (1024K)
[2022-04-17T15:19:06.090+0000][20.775s]  Metaspace       used 22203K, capacity 22905K, committed 23292K, reserved 1069056K
[2022-04-17T15:19:06.091+0000][20.775s]   class space    used 2632K, capacity 2927K, committed 2944K, reserved 1048576K
